[1/2] 在職者一覧を取得中...
Template:一関藩主 を取得・パース中...
  -> 12 名を抽出:
     伊達宗勝: 1660-1671
     田村建顕: 1681-1708
     田村誠顕: 1708-1727
     田村村顕: 1727-1755
     田村村隆: 1755-1782
     田村村資: 1782-1798
     田村宗顕 (一関藩主): 1798-1827
     田村邦顕: 1828-1840
     田村邦行: 1840-1857
     田村通顕: 1857-1863
     田村邦栄: 1863-1868
     田村崇顕: 1868-1871
各在職者のQIDを解決中...
[2/2] 各在職者の記事から父・養父を抽出中...
  伊達宗勝 の記事を取得中...
  田村建顕 の記事を取得中...
  田村誠顕 の記事を取得中...
  田村村顕 の記事を取得中...
  田村村隆 の記事を取得中...
  田村村資 の記事を取得中...
  田村宗顕 (一関藩主) の記事を取得中...
  田村邦顕 の記事を取得中...
  田村邦行 の記事を取得中...
  田村通顕 の記事を取得中...
  田村邦栄 の記事を取得中...
  田村崇顕 の記事を取得中...

抽出結果:
[伊達宗勝] 父=伊達政宗(Q311183) -> P22/P40を生成
[田村建顕] 父=田村宗良(Q2948444) -> P22/P40を生成
[田村建顕] 先代(伊達宗勝)と名字が異なるため、藩主家の交代とみなし養子関係の補完は行いません。
[田村誠顕] 父=田村顕当(Q81374207) -> P22/P40を生成
[田村誠顕] 養父=田村建顕(Q8514073) -> P1038/P1039(養親)を生成
[田村村顕] 父=伊達宗贇(Q10885144) -> P22/P40を生成
[田村村顕] 養父=田村誠顕(Q10856339) -> P1038/P1039(養親)を生成
[田村村隆] 父=伊達吉村(Q116151) -> P22/P40を生成
[田村村隆] 養父=伊達村倫 (登米伊達家)(Q11380784) -> P1038/P1039(養親)を生成
[田村村資] 父=伊達村良(Q11380816) -> P22/P40を生成
[田村村資] 養父=田村村隆(Q8514102) -> P1038/P1039(養親)を生成
[田村宗顕 (一関藩主)] 父=堀田正敦(Q11427639) -> P22/P40を生成
[田村宗顕 (一関藩主)] 養父=田村村資(Q8514091) -> P1038/P1039(養親)を生成
[田村邦顕] 父=田村宗顕 (一関藩主)(Q8514085) -> P22/P40を生成
[田村邦行] 父=田村宗顕 (一関藩主)(Q8514085) -> P22/P40を生成
[田村邦行] 先代(田村邦顕)と実父が同じ(兄弟)なので、養子関係の補完は行いません。
[田村通顕] 父=田村邦行(Q8514062) -> P22/P40を生成
[田村通顕] 養父=伊達慶邦(Q846375) -> P1038/P1039(養親)を生成
[田村邦栄] 父=石川義光(Q11586338) -> P22/P40を生成
[田村邦栄] 養父=田村通顕(Q8514107) -> P1038/P1039(養親)を生成
[田村崇顕] 父=石川義光(Q11586338) -> P22/P40を生成
[田村崇顕] 養父=田村邦栄(Q843977) -> P1038/P1039(養親)を生成

QuickStatementsドラフトを 一関藩_family_draft.tsv に、
レビュー用レポートを 一関藩_family_draft_report.txt に保存しました。

【重要】これは投入前に必ず人間によるレビューが必要なドラフトです:
  - 養父の関係はすべて「養親」で統一しており、婿養子かどうかの判別は行っていません。
  - Wikidata項目が見つからなかった父・養父は、新規作成してから再実行してください。

--- stderr ---
