[1/2] 在職者一覧を取得中...
Template:七戸藩主 を取得・パース中...
  -> 4 名を抽出:
     南部信鄰: 1819-1821
     南部信誉: 1822-1862
     南部信民: 1862-1868
     南部信方: 1869-1871
各在職者のQIDを解決中...
[2/2] 各在職者の記事から父・養父を抽出中...
  南部信鄰 の記事を取得中...
  南部信誉 の記事を取得中...
  南部信民 の記事を取得中...
  南部信方 の記事を取得中...

抽出結果:
[南部信鄰] 父=南部信喜 のWikidata項目が見つかりません。新規作成コマンドを new_persons_all.tsv に出力しました(投入後に --family-only で再実行してください)。
[南部信誉] 父=南部信鄰(Q8513920) -> P22/P40を生成
[南部信民] 父=南部信也 のWikidata項目が見つかりません。新規作成コマンドを new_persons_all.tsv に出力しました(投入後に --family-only で再実行してください)。
[南部信民] 養父=南部信誉(Q8513890) -> P1038/P1039(養親)を生成
[南部信方] Infoboxから親族関係を抽出できませんでした。手動で確認するか、_BIOGRAPHY_INFOBOX_TEMPLATE_NAMES にテンプレート名を追加してください。
[南部信方] ★要確認: Infoboxに実父の記載が無いため、先代との関係は不明です。養子関係の補完は行いません。手動で確認してください。

QuickStatementsドラフトを 七戸藩_family_draft.tsv に、
レビュー用レポートを 七戸藩_family_draft_report.txt に保存しました。

【重要】これは投入前に必ず人間によるレビューが必要なドラフトです:
  - 養父の関係はすべて「養親」で統一しており、婿養子かどうかの判別は行っていません。
  - 項目が無かった父(と初代の養父)の作成コマンドを new_persons_all.tsv(全藩分を1ファイルに集約)に保存しました。
    QuickStatementsに投入したあと、python run_batch_prepare.py --force --family-only 七戸藩 を実行すると、
    新項目が見つかって子側のP22等が生成されます(反映に数分かかる場合があります)。

--- stderr ---
