[1/2] 在職者一覧を取得中...
Template:三春藩主 を取得・パース中...
  -> 13 名を抽出:
     加藤明利: 1627-1628
     松下長綱: 1628-1644
     秋田俊季: 1645-1649
     秋田盛季: 1649-1676
     秋田輝季: 1676-1715
     秋田頼季: 1715-1743
     秋田延季: 1743-1751
     秋田定季: 1751-1757
     秋田倩季: 1757-1797
     秋田長季: 1797-1811
     秋田孝季: 1803-1832
     秋田肥季: 1832-1865
     秋田映季: 1865-1871
各在職者のQIDを解決中...
[2/2] 各在職者の記事から父・養父を抽出中...
  加藤明利 の記事を取得中...
  松下長綱 の記事を取得中...
  秋田俊季 の記事を取得中...
  秋田盛季 の記事を取得中...
  秋田輝季 の記事を取得中...
  秋田頼季 の記事を取得中...
  秋田延季 の記事を取得中...
  秋田定季 の記事を取得中...
  秋田倩季 の記事を取得中...
  秋田長季 の記事を取得中...
  秋田孝季 の記事を取得中...
  秋田肥季 の記事を取得中...
  秋田映季 の記事を取得中...

抽出結果:
[加藤明利] 父=加藤嘉明(Q1371657) -> P22/P40を生成
[松下長綱] 父=松下重綱(Q8514347) -> P22/P40を生成
[松下長綱] 先代(加藤明利)と名字が異なるため、藩主家の交代とみなし養子関係の補完は行いません。
[秋田俊季] 父=秋田実季(Q4701233) -> P22/P40を生成
[秋田俊季] 先代(松下長綱)と名字が異なるため、藩主家の交代とみなし養子関係の補完は行いません。
[秋田盛季] 父=秋田俊季(Q4701235) -> P22/P40を生成
[秋田輝季] 父=秋田盛季(Q8514679) -> P22/P40を生成
[秋田頼季] 父=荒木高村(Q111191156) -> P22/P40を生成
[秋田頼季] 養父=秋田季豊 のWikidata項目が見つかりません(Wikipedia記事・Wikidataラベル検索とも該当なし)。新規作成してから再実行してください。
[秋田延季] 父=秋田頼季(Q8514697) -> P22/P40を生成
[秋田定季] 父=秋田頼季(Q8514697) -> P22/P40を生成
[秋田定季] 先代(秋田延季)と実父が同じ(兄弟)なので、養子関係の補完は行いません。
[秋田倩季] 父=秋田延季(Q8514660) -> P22/P40を生成
[秋田倩季] 実父が先代(秋田定季)と一致しないため、先代を養父として補完しました(Infoboxに養父の明記なし・推定のため要確認)。
[秋田倩季] 養父=秋田定季(Q8514685) -> P1038/P1039(養親)を生成
[秋田長季] 父=秋田倩季(Q8514703) -> P22/P40を生成
[秋田孝季] 父=秋田倩季(Q8514703) -> P22/P40を生成
[秋田孝季] 先代(秋田長季)と実父が同じ(兄弟)なので、養子関係の補完は行いません。
[秋田肥季] 父=秋田孝季(Q8514666) -> P22/P40を生成
[秋田映季] 父=秋田肥季(Q8514674) -> P22/P40を生成

QuickStatementsドラフトを 三春藩_family_draft.tsv に、
レビュー用レポートを 三春藩_family_draft_report.txt に保存しました。

【重要】これは投入前に必ず人間によるレビューが必要なドラフトです:
  - 養父の関係はすべて「養親」で統一しており、婿養子かどうかの判別は行っていません。
  - Wikidata項目が見つからなかった父・養父は、新規作成してから再実行してください。

--- stderr ---
