[1/4] 上山藩 のQIDを解決中...
  -> Q847283
[2/4] 在職者一覧を取得中(役職項目・家系ドラフトの両方で使い回す)...
Template:上山藩主 を取得・パース中...
  -> 16 名を抽出:
     松平重忠: 1622-1626
     松平重直: 1626-1626
     蒲生忠知: 1626-1627
     土岐頼行: 1628-1678
     土岐頼殷: 1678-1691
     金森頼旹: 1692-1697
     松平信通: 1697-1722
     松平長恒: 1722-1733
     松平信将: 1733-1761
     松平信亨: 1761-1790
     松平信古 (上山藩主): 1790-1795
     松平信愛: 1796-1805
     松平信行: 1805-1831
     松平信宝 (上山藩主): 1831-1862
     松平信庸 (上山藩主): 1862-1868
     松平信安: 1868-1871
各在職者のQIDを解決中...
[3/4] Template/Category項目のQIDを解決中...
  -> Template: Q22816023, Category: Q18721313
[4/4] 父・養父関係をドラフト生成中...
  松平重忠 の記事を取得中...
  松平重直 の記事を取得中...
  蒲生忠知 の記事を取得中...
  土岐頼行 の記事を取得中...
  土岐頼殷 の記事を取得中...
  金森頼旹 の記事を取得中...
  松平信通 の記事を取得中...
  松平長恒 の記事を取得中...
  松平信将 の記事を取得中...
  松平信亨 の記事を取得中...
  松平信古 (上山藩主) の記事を取得中...
  松平信愛 の記事を取得中...
  松平信行 の記事を取得中...
  松平信宝 (上山藩主) の記事を取得中...
  松平信庸 (上山藩主) の記事を取得中...
  松平信安 の記事を取得中...

===== ① 役職項目の作成(まずこちらだけ投入する) =====
CREATE
LAST	Lja	"上山藩主"
LAST	Dja	"羽前国上山藩を治めた藩主"
LAST	Aja	"上山藩知事"
LAST	P31	Q114962596
LAST	P279	Q24887524
LAST	P2389	Q847283
LAST	P17	Q17
LAST	P2348	Q184963
LAST	P1424	Q22816023
...(全27行)
-> 上山藩_position_create.tsv に保存しました。

===== ② 父・養父関係のドラフト(①とは独立、いつ投入してもよい) =====
[松平重忠] 父=松平重勝(Q11530618) -> P22/P40を生成
[松平重直] 父=小笠原秀政(Q8192119) -> P22/P40を生成
[松平重直] 養父=松平重忠(Q5370070) -> P1038/P1039(養親)を生成
[蒲生忠知] 父=蒲生秀行 (侍従)(Q5520435) -> P22/P40を生成
[蒲生忠知] 先代(松平重直)と名字が異なるため、藩主家の交代とみなし養子関係の補完は行いません。
[土岐頼行] 父=土岐定義(Q11423374) -> P22/P40を生成
[土岐頼行] 先代(蒲生忠知)と名字が異なるため、藩主家の交代とみなし養子関係の補完は行いません。
[土岐頼殷] 父=土岐頼行(Q8514993) -> P22/P40を生成
[金森頼旹] 父=金森頼業(Q11647300) -> P22/P40を生成
[金森頼旹] 先代(土岐頼殷)と名字が異なるため、藩主家の交代とみなし養子関係の補完は行いません。
[松平信通] 父=松平信之(Q11069766) -> P22/P40を生成
[松平信通] 先代(金森頼旹)と名字が異なるため、藩主家の交代とみなし養子関係の補完は行いません。
[松平長恒] 父=松平信通(Q8515039) -> P22/P40を生成
[松平信将] 父=松平忠隆 (丹波亀山藩庶子)(Q11069907) -> P22/P40を生成
[松平信将] 養父=松平長恒(Q8514999) -> P1038/P1039(養親)を生成
[松平信亨] 父=松平信将(Q8515021) -> P22/P40を生成
[松平信古 (上山藩主)] 父=松平信亨(Q8515052) -> P22/P40を生成
[松平信愛] 父=松平信亨(Q8515052) -> P22/P40を生成
[松平信愛] 養父=松平信古 (上山藩主)(Q8515079) -> P1038/P1039(養親)を生成
[松平信行] 父=松平康哉(Q11530411) -> P22/P40を生成
[松平信行] 養父=松平信愛(Q8515058) -> P1038/P1039(養親)を生成
[松平信宝 (上山藩主)] 父=松平信行(Q8515055) -> P22/P40を生成
[松平信庸 (上山藩主)] 父=松平信宝 (上山藩主)(Q8515043) -> P22/P40を生成
[松平信安] 父=松平信宝 (上山藩主)(Q8515043) -> P22/P40を生成
[松平信安] 先代(松平信庸 (上山藩主))と実父が同じ(兄弟)なので、養子関係の補完は行いません。
-> コマンド: 上山藩_family_draft.tsv
-> レポート: 上山藩_family_draft_report.txt

【重要】このスクリプトはWikidataへの書き込みを一切行いません。生成のみです。
①を実際に投入して発行されたQIDを控えたら、次はこちらを実行してください:
  python C:\Users\tt010\OneDrive\Desktop\wiki\Diff\峰山藩主のWikidataを整備する\code\create_han_lord_position.py add-person-statements 上山藩 <発行されたQID>
  (これで逆リンク3本と各藩主個人へのP31/P21/P1559/P39が生成されます)
※ P53(家系)・P97(位階)、および②の「★要確認」「見つかりません」の行は
  いずれのコマンドにも含まれていないので、別途対応してください。

--- stderr ---
