[1/2] 在職者一覧を取得中...
Template:久保田藩主 を取得・パース中...
  -> 12 名を抽出:
     佐竹義宣 (右京大夫): 1602-1633
     佐竹義隆: 1633-1672
     佐竹義処: 1672-1703
     佐竹義格: 1703-1715
     佐竹義峯: 1715-1749
     佐竹義真: 1749-1753
     佐竹義明: 1753-1758
     佐竹義敦: 1758-1785
     佐竹義和: 1785-1815
     佐竹義厚: 1815-1846
     佐竹義睦: 1846-1857
     佐竹義堯: 1857-1871
各在職者のQIDを解決中...
[2/2] 各在職者の記事から父・養父を抽出中...
  佐竹義宣 (右京大夫) の記事を取得中...
  佐竹義隆 の記事を取得中...
  佐竹義処 の記事を取得中...
  佐竹義格 の記事を取得中...
  佐竹義峯 の記事を取得中...
  佐竹義真 の記事を取得中...
  佐竹義明 の記事を取得中...
  佐竹義敦 の記事を取得中...
  佐竹義和 の記事を取得中...
  佐竹義厚 の記事を取得中...
  佐竹義睦 の記事を取得中...
  佐竹義堯 の記事を取得中...

抽出結果:
[佐竹義宣 (右京大夫)] 父=佐竹義重 (十八代当主)(Q1133798) -> P22/P40を生成
[佐竹義隆] 父=岩城貞隆(Q11474331) -> P22/P40を生成
[佐竹義隆] 養父=佐竹義宣 (右京大夫)(Q1071525) -> P1038/P1039(養親)を生成
[佐竹義処] 父=佐竹義隆(Q8514544) -> P22/P40を生成
[佐竹義格] 父=佐竹義処(Q8514497) -> P22/P40を生成
[佐竹義峯] 父=佐竹義長(Q8514455) -> P22/P40を生成
[佐竹義峯] 実父が先代(佐竹義格)と一致しないため、先代を養父として補完しました(Infoboxに養父の明記なし・推定のため要確認)。
[佐竹義峯] 養父=佐竹義格(Q8514533) -> P1038/P1039(養親)を生成
[佐竹義真] 父=佐竹義堅 (久保田新田藩主)(Q8514521) -> P22/P40を生成
[佐竹義真] 実父が先代(佐竹義峯)と一致しないため、先代を養父として補完しました(Infoboxに養父の明記なし・推定のため要確認)。
[佐竹義真] 養父=佐竹義峯(Q8514480) -> P1038/P1039(養親)を生成
[佐竹義明] 父=佐竹義道(Q8514486) -> P22/P40を生成
[佐竹義明] 養父=佐竹義真(Q8514461) -> P1038/P1039(養親)を生成
[佐竹義敦] 父=佐竹義明(Q8514556) -> P22/P40を生成
[佐竹義和] 父=佐竹義敦(Q847002) -> P22/P40を生成
[佐竹義厚] 父=佐竹義和(Q8514468) -> P22/P40を生成
[佐竹義睦] 父=佐竹義厚(Q8514561) -> P22/P40を生成
[佐竹義堯] 父=相馬益胤(Q8514605) -> P22/P40を生成
[佐竹義堯] 養父=佐竹義純(Q8514503) -> P1038/P1039(養親)を生成

QuickStatementsドラフトを 久保田藩_family_draft.tsv に、
レビュー用レポートを 久保田藩_family_draft_report.txt に保存しました。

【重要】これは投入前に必ず人間によるレビューが必要なドラフトです:
  - 養父の関係はすべて「養親」で統一しており、婿養子かどうかの判別は行っていません。
  - Wikidata項目が見つからなかった父・養父は、新規作成してから再実行してください。

--- stderr ---
