[1/4] 亀田藩 のQIDを解決中...
  -> Q847258
[2/4] 在職者一覧を取得中(役職項目・家系ドラフトの両方で使い回す)...
Template:亀田藩主 を取得・パース中...
  -> 13 名を抽出:
     佐竹義隆: 1623-1628
     岩城宣隆: 1628-1656
     岩城重隆 (亀田藩主): 1656-1704
     岩城秀隆: 1704-1718
     岩城隆韶: 1718-1745
     岩城隆恭: 1745-1782
     岩城隆恕: 1782-1817
     岩城隆喜: 1817-1853
     岩城隆永: 1854-1855
     岩城隆信: 1855-1855
     岩城隆政: 1855-1861
     岩城隆邦: 1861-1869
     岩城隆彰: 1869-1871
各在職者のQIDを解決中...
[3/4] Template/Category項目のQIDを解決中...
  -> Template: Q22816045, Category: Q9552817
[4/4] 父・養父関係をドラフト生成中...
  佐竹義隆 の記事を取得中...
  岩城宣隆 の記事を取得中...
  岩城重隆 (亀田藩主) の記事を取得中...
  岩城秀隆 の記事を取得中...
  岩城隆韶 の記事を取得中...
  岩城隆恭 の記事を取得中...
  岩城隆恕 の記事を取得中...
  岩城隆喜 の記事を取得中...
  岩城隆永 の記事を取得中...
  岩城隆信 の記事を取得中...
  岩城隆政 の記事を取得中...
  岩城隆邦 の記事を取得中...
  岩城隆彰 の記事を取得中...

===== ① 役職項目の作成(まずこちらだけ投入する) =====
CREATE
LAST	Lja	"亀田藩主"
LAST	Dja	"羽後国亀田藩を治めた藩主"
LAST	Aja	"亀田藩知事"
LAST	P31	Q114962596
LAST	P279	Q24887524
LAST	P2389	Q847258
LAST	P17	Q17
LAST	P2348	Q184963
LAST	P1424	Q22816045
...(全24行)
-> 亀田藩_position_create.tsv に保存しました。

===== ② 父・養父関係のドラフト(①とは独立、いつ投入してもよい) =====
[佐竹義隆] 父=岩城貞隆(Q11474331) -> P22/P40を生成
[佐竹義隆] 養父=佐竹義宣 (右京大夫)(Q1071525) -> P1038/P1039(養親)を生成
[岩城宣隆] 父=佐竹義重 (十八代当主)(Q1133798) -> P22/P40を生成
[岩城宣隆] 養父=小野崎義昌(Q110889387) -> P1038/P1039(養親)を生成
[岩城重隆 (亀田藩主)] 父=岩城宣隆(Q8514797) -> P22/P40を生成
[岩城秀隆] 父=岩城景隆(Q11474311) -> P22/P40を生成
[岩城秀隆] ★要確認: 実父が先代(岩城重隆 (亀田藩主))と一致しません。養子の可能性がありますが、祖父→孫の継承や別系統の同姓の可能性もあるため、コマンドは生成していません。記事で確認して手動で追加してください。
[岩城隆韶] 父=伊達村興(Q11380814) -> P22/P40を生成
[岩城隆韶] 養父=小梁川宗永(Q108907653) -> P1038/P1039(養親)を生成
[岩城隆恭] 父=伊達村望(Q11380800) -> P22/P40を生成
[岩城隆恭] ★要確認: 実父が先代(岩城隆韶)と一致しません。養子の可能性がありますが、祖父→孫の継承や別系統の同姓の可能性もあるため、コマンドは生成していません。記事で確認して手動で追加してください。
[岩城隆恕] 父=岩城隆恭(Q8514831) -> P22/P40を生成
[岩城隆喜] 父=岩城隆恕(Q8514807) -> P22/P40を生成
[岩城隆永] 父=岩城隆喜(Q8514841) -> P22/P40を生成
[岩城隆信] 父=岩城隆喜(Q8514841) -> P22/P40を生成
[岩城隆信] 先代(岩城隆永)と実父が同じ(兄弟)なので、養子関係の補完は行いません。
[岩城隆政] 父=岩城隆喜(Q8514841) -> P22/P40を生成
[岩城隆政] 先代(岩城隆信)と実父が同じ(兄弟)なので、養子関係の補完は行いません。
[岩城隆邦] 父=岩城隆喜(Q8514841) -> P22/P40を生成
[岩城隆邦] 養父=岩城隆謨 のWikidata項目が見つかりません(Wikipedia記事・Wikidataラベル検索とも該当なし)。新規作成してから再実行してください。
[岩城隆彰] 父=堀田正誠(Q11427649) -> P22/P40を生成
[岩城隆彰] 養父=岩城隆邦(Q8514835) -> P1038/P1039(養親)を生成
-> コマンド: 亀田藩_family_draft.tsv
-> レポート: 亀田藩_family_draft_report.txt

【重要】このスクリプトはWikidataへの書き込みを一切行いません。生成のみです。
①を実際に投入して発行されたQIDを控えたら、次はこちらを実行してください:
  python C:\Users\tt010\OneDrive\Desktop\wiki\Diff\峰山藩主のWikidataを整備する\code\create_han_lord_position.py add-person-statements 亀田藩 <発行されたQID>
  (これで逆リンク3本と各藩主個人へのP31/P21/P1559/P39が生成されます)
※ P53(家系)・P97(位階)、および②の「★要確認」「見つかりません」の行は
  いずれのコマンドにも含まれていないので、別途対応してください。

--- stderr ---
