[1/4] 二本松藩 のQIDを解決中...
  -> Q909007
[2/4] 在職者一覧を取得中(役職項目・家系ドラフトの両方で使い回す)...
Template:二本松藩主 を取得・パース中...
  -> 14 名を抽出:
     松下重綱: 1627-1627
     松下長綱: 1627-1628
     加藤明利: 1628-1641
     丹羽光重: 1643-1679
     丹羽長次: 1679-1698
     丹羽長之: 1698-1700
     丹羽秀延: 1701-1728
     丹羽高寛: 1728-1745
     丹羽高庸: 1745-1765
     丹羽長貴: 1766-1796
     丹羽長祥: 1796-1813
     丹羽長富: 1813-1858
     丹羽長国: 1858-1868
     丹羽長裕: 1868-1871
各在職者のQIDを解決中...
[3/4] Template/Category項目のQIDを解決中...
  -> Template: Q22824446, Category: Q9553158
[4/4] 父・養父関係をドラフト生成中...
  松下重綱 の記事を取得中...
  松下長綱 の記事を取得中...
  加藤明利 の記事を取得中...
  丹羽光重 の記事を取得中...
  丹羽長次 の記事を取得中...
  丹羽長之 の記事を取得中...
  丹羽秀延 の記事を取得中...
  丹羽高寛 の記事を取得中...
  丹羽高庸 の記事を取得中...
  丹羽長貴 の記事を取得中...
  丹羽長祥 の記事を取得中...
  丹羽長富 の記事を取得中...
  丹羽長国 の記事を取得中...
  丹羽長裕 の記事を取得中...

===== ① 役職項目の作成(まずこちらだけ投入する) =====
CREATE
LAST	Lja	"二本松藩主"
LAST	Dja	"岩代国二本松藩を治めた藩主"
LAST	Aja	"二本松藩知事"
LAST	P31	Q114962596
LAST	P279	Q24887524
LAST	P2389	Q909007
LAST	P17	Q17
LAST	P2348	Q184963
LAST	P1424	Q22824446
...(全25行)
-> 二本松藩_position_create.tsv に保存しました。

===== ② 父・養父関係のドラフト(①とは独立、いつ投入してもよい) =====
[松下重綱] 父=松下之綱(Q11528912) -> P22/P40を生成
[松下長綱] 父=松下重綱(Q8514347) -> P22/P40を生成
[加藤明利] 父=加藤嘉明(Q1371657) -> P22/P40を生成
[加藤明利] 先代(松下長綱)と名字が異なるため、藩主家の交代とみなし養子関係の補完は行いません。
[丹羽光重] 父=丹羽長重(Q909763) -> P22/P40を生成
[丹羽光重] 先代(加藤明利)と名字が異なるため、藩主家の交代とみなし養子関係の補完は行いません。
[丹羽長次] 父=丹羽光重(Q8514046) -> P22/P40を生成
[丹羽長之] 父=丹羽光重(Q8514046) -> P22/P40を生成
[丹羽長之] 先代(丹羽長次)と実父が同じ(兄弟)なので、養子関係の補完は行いません。
[丹羽秀延] 父=丹羽長之(Q8514025) -> P22/P40を生成
[丹羽高寛] 父=丹羽長道(Q110821707) -> P22/P40を生成
[丹羽高寛] 養父=丹羽秀延(Q8514052) -> P1038/P1039(養親)を生成
[丹羽高庸] 父=丹羽高寛(Q8514040) -> P22/P40を生成
[丹羽長貴] 父=丹羽高庸(Q8514034) -> P22/P40を生成
[丹羽長祥] 父=丹羽長貴(Q8514030) -> P22/P40を生成
[丹羽長富] 父=丹羽長祥(Q8013088) -> P22/P40を生成
[丹羽長国] 父=丹羽長富(Q7041869) -> P22/P40を生成
[丹羽長裕] 父=上杉斉憲(Q851776) -> P22/P40を生成
[丹羽長裕] 養父=丹羽長国(Q7041862) -> P1038/P1039(養親)を生成
-> コマンド: 二本松藩_family_draft.tsv
-> レポート: 二本松藩_family_draft_report.txt

【重要】このスクリプトはWikidataへの書き込みを一切行いません。生成のみです。
①を実際に投入して発行されたQIDを控えたら、次はこちらを実行してください:
  python C:\Users\tt010\OneDrive\Desktop\wiki\Diff\峰山藩主のWikidataを整備する\code\create_han_lord_position.py add-person-statements 二本松藩 <発行されたQID>
  (これで逆リンク3本と各藩主個人へのP31/P21/P1559/P39が生成されます)
※ P53(家系)・P97(位階)、および②の「★要確認」「見つかりません」の行は
  いずれのコマンドにも含まれていないので、別途対応してください。

--- stderr ---
