[1/2] 在職者一覧を取得中...
Template:仙台藩主 を取得・パース中...
  -> 14 名を抽出:
     伊達政宗: 1600-1636
     伊達忠宗: 1636-1658
     伊達綱宗: 1658-1660
     伊達綱村: 1660-1703
     伊達吉村: 1703-1743
     伊達宗村 (仙台藩主): 1743-1756
     伊達重村: 1756-1790
     伊達斉村: 1790-1796
     伊達斉義: 1819-1827
     伊達斉邦: 1827-1841
     伊達慶邦: 1841-1868
     伊達宗基: 1868-1869
     伊達宗基: 1869-1870
     伊達宗敦: 1870-1871
各在職者のQIDを解決中...
[2/2] 各在職者の記事から父・養父を抽出中...
  伊達政宗 の記事を取得中...
  伊達忠宗 の記事を取得中...
  伊達綱宗 の記事を取得中...
  伊達綱村 の記事を取得中...
  伊達吉村 の記事を取得中...
  伊達宗村 (仙台藩主) の記事を取得中...
  伊達重村 の記事を取得中...
  伊達斉村 の記事を取得中...
  伊達斉義 の記事を取得中...
  伊達斉邦 の記事を取得中...
  伊達慶邦 の記事を取得中...
  伊達宗基 の記事を取得中...
  伊達宗基 の記事を取得中...
  伊達宗敦 の記事を取得中...

抽出結果:
[伊達政宗] 父=伊達輝宗(Q2625556) -> P22/P40を生成
[伊達忠宗] 父=伊達政宗(Q311183) -> P22/P40を生成
[伊達綱宗] 父=伊達忠宗(Q115852) -> P22/P40を生成
[伊達綱村] 父=伊達綱宗(Q846370) -> P22/P40を生成
[伊達吉村] 父=伊達宗房(Q11380721) -> P22/P40を生成
[伊達吉村] 養父=伊達綱村(Q5227557) -> P1038/P1039(養親)を生成
[伊達宗村 (仙台藩主)] 父=伊達吉村(Q116151) -> P22/P40を生成
[伊達重村] 父=伊達宗村 (仙台藩主)(Q5227536) -> P22/P40を生成
[伊達斉村] 父=伊達重村(Q846378) -> P22/P40を生成
[伊達斉義] 父=田村村資(Q8514091) -> P22/P40を生成
[伊達斉義] 養父=伊達斉宗(Q5227540) -> P1038/P1039(養親)を生成
[伊達斉邦] 父=伊達宗充(Q11380708) -> P22/P40を生成
[伊達斉邦] 養父=伊達斉義(Q7201026) -> P1038/P1039(養親)を生成
[伊達慶邦] 父=伊達斉義(Q7201026) -> P22/P40を生成
[伊達慶邦] 実父が先代(伊達斉邦)と一致しないため、先代を養父として補完しました(Infoboxに養父の明記なし・推定のため要確認)。
[伊達慶邦] 養父=伊達斉邦(Q5227539) -> P1038/P1039(養親)を生成
[伊達宗基] 父=伊達慶邦(Q846375) -> P22/P40を生成
[伊達宗基] 父=伊達慶邦(Q846375) -> P22/P40を生成
[伊達宗基] 先代と同一人物(再任・藩知事就任など)のため、養子関係の補完は行いません。
[伊達宗敦] 父=伊達宗城(Q862949) -> P22/P40を生成
[伊達宗敦] 養父=伊達慶邦(Q846375) -> P1038/P1039(養親)を生成

QuickStatementsドラフトを 仙台藩_family_draft.tsv に、
レビュー用レポートを 仙台藩_family_draft_report.txt に保存しました。

【重要】これは投入前に必ず人間によるレビューが必要なドラフトです:
  - 養父の関係はすべて「養親」で統一しており、婿養子かどうかの判別は行っていません。
  - Wikidata項目が見つからなかった父・養父は、新規作成してから再実行してください。

--- stderr ---
