[1/4] 会津藩 のQIDを解決中...
  -> Q4389944
[2/4] 在職者一覧を取得中(役職項目・家系ドラフトの両方で使い回す)...
Template:会津藩主 を取得・パース中...
  -> 15 名を抽出:
     蒲生秀行 (侍従): 1601-1612
     蒲生忠郷: 1612-1627
     加藤嘉明: 1627-1631
     加藤明成: 1631-1643
     保科正之: 1643-1669
     保科正経: 1669-1681
     松平正容: 1681-1731
     松平容貞: 1731-1750
     松平容頌: 1750-1805
     松平容住: 1805-1805
     松平容衆: 1806-1822
     松平容敬: 1822-1852
     松平容保: 1852-1868
     松平喜徳: 1868-1868
     酒井忠宝 (庄内藩主): 1868-1869
各在職者のQIDを解決中...
[3/4] Template/Category項目のQIDを解決中...
  -> Template: Q17370451, Category: Q9564730
[4/4] 父・養父関係をドラフト生成中...
  蒲生秀行 (侍従) の記事を取得中...
  蒲生忠郷 の記事を取得中...
  加藤嘉明 の記事を取得中...
  加藤明成 の記事を取得中...
  保科正之 の記事を取得中...
  保科正経 の記事を取得中...
  松平正容 の記事を取得中...
  松平容貞 の記事を取得中...
  松平容頌 の記事を取得中...
  松平容住 の記事を取得中...
  松平容衆 の記事を取得中...
  松平容敬 の記事を取得中...
  松平容保 の記事を取得中...
  松平喜徳 の記事を取得中...
  酒井忠宝 (庄内藩主) の記事を取得中...

===== ① 役職項目の作成(まずこちらだけ投入する) =====
CREATE
LAST	Lja	"会津藩主"
LAST	Dja	"岩代国会津藩を治めた藩主"
LAST	Aja	"会津藩知事"
LAST	P31	Q114962596
LAST	P279	Q24887524
LAST	P2389	Q4389944
LAST	P17	Q17
LAST	P2348	Q184963
LAST	P1424	Q17370451
...(全26行)
-> 会津藩_position_create.tsv に保存しました。

===== ② 父・養父関係のドラフト(①とは独立、いつ投入してもよい) =====
[蒲生秀行 (侍従)] 父=蒲生氏郷(Q906580) -> P22/P40を生成
[蒲生忠郷] 父=蒲生秀行 (侍従)(Q5520435) -> P22/P40を生成
[加藤嘉明] 父=加藤教明(Q56348388) -> P22/P40を生成
[加藤嘉明] 先代(蒲生忠郷)と名字が異なるため、藩主家の交代とみなし養子関係の補完は行いません。
[加藤明成] 父=加藤嘉明(Q1371657) -> P22/P40を生成
[保科正之] 父=徳川秀忠(Q314464) -> P22/P40を生成
[保科正之] 養父=保科正光(Q2478488) -> P1038/P1039(養親)を生成
[保科正経] 父=保科正之(Q837236) -> P22/P40を生成
[松平正容] 父=保科正之(Q837236) -> P22/P40を生成
[松平正容] 養父=保科正経(Q11286854) -> P1038/P1039(養親)を生成
[松平容貞] 父=松平正容(Q11239143) -> P22/P40を生成
[松平容頌] 父=松平容貞(Q11239086) -> P22/P40を生成
[松平容住] 父=松平容詮(Q11530406) -> P22/P40を生成
[松平容住] ★要確認: 実父が先代(松平容頌)と一致しません。養子の可能性がありますが、祖父→孫の継承や別系統の同姓の可能性もあるため、コマンドは生成していません。記事で確認して手動で追加してください。
[松平容衆] 父=松平容住(Q11239089) -> P22/P40を生成
[松平容敬] 父=松平義和(Q11530566) -> P22/P40を生成
[松平容敬] 養父=松平容衆(Q846169) -> P1038/P1039(養親)を生成
[松平容保] 父=松平義建(Q11530568) -> P22/P40を生成
[松平容保] 養父=松平容敬(Q846200) -> P1038/P1039(養親)を生成
[松平喜徳] 父=徳川斉昭(Q1323770) -> P22/P40を生成
[松平喜徳] 養父=松平容保(Q569441) -> P1038/P1039(養親)を生成
[酒井忠宝 (庄内藩主)] 父=酒井忠発(Q8515202) -> P22/P40を生成
[酒井忠宝 (庄内藩主)] 先代(松平喜徳)と名字が異なるため、藩主家の交代とみなし養子関係の補完は行いません。
-> コマンド: 会津藩_family_draft.tsv
-> レポート: 会津藩_family_draft_report.txt

【重要】このスクリプトはWikidataへの書き込みを一切行いません。生成のみです。
①を実際に投入して発行されたQIDを控えたら、次はこちらを実行してください:
  python C:\Users\tt010\OneDrive\Desktop\wiki\Diff\峰山藩主のWikidataを整備する\code\create_han_lord_position.py add-person-statements 会津藩 <発行されたQID>
  (これで逆リンク3本と各藩主個人へのP31/P21/P1559/P39が生成されます)
※ P53(家系)・P97(位階)、および②の「★要確認」「見つかりません」の行は
  いずれのコマンドにも含まれていないので、別途対応してください。

--- stderr ---
