[1/2] 在職者一覧を取得中...
Template:八戸藩主 を取得・パース中...
  -> 9 名を抽出:
     南部直房: 1664-1668
     南部直政: 1668-1699
     南部通信: 1699-1716
     南部広信: 1716-1741
     南部信興: 1741-1765
     南部信依: 1765-1781
     南部信房: 1781-1796
     南部信真: 1796-1842
     南部信順: 1842-1871
各在職者のQIDを解決中...
[2/2] 各在職者の記事から父・養父を抽出中...
  南部直房 の記事を取得中...
  南部直政 の記事を取得中...
  南部通信 の記事を取得中...
  南部広信 の記事を取得中...
  南部信興 の記事を取得中...
  南部信依 の記事を取得中...
  南部信房 の記事を取得中...
  南部信真 の記事を取得中...
  南部信順 の記事を取得中...

抽出結果:
[南部直房] 父=南部利直(Q1143534) -> P22/P40を生成
[南部直政] 父=南部直房(Q8513884) -> P22/P40を生成
[南部通信] 父=南部重信(Q8514003) -> P22/P40を生成
[南部通信] 実父が先代(南部直政)と一致しないため、先代を養父として補完しました(Infoboxに養父の明記なし・推定のため要確認)。
[南部通信] 養父=南部直政(Q8513878) -> P1038/P1039(養親)を生成
[南部広信] 父=南部通信(Q8513996) -> P22/P40を生成
[南部信興] 父=南部広信(Q8514014) -> P22/P40を生成
[南部信依] 父=南部信興(Q8513907) -> P22/P40を生成
[南部信房] 父=南部信依(Q8513913) -> P22/P40を生成
[南部信真] 父=南部信依(Q8513913) -> P22/P40を生成
[南部信真] 先代(南部信房)と実父が同じ(兄弟)なので、養子関係の補完は行いません。
[南部信順] 父=島津重豪(Q8013051) -> P22/P40を生成
[南部信順] 養父=南部信真(Q8513895) -> P1038/P1039(養親)を生成

QuickStatementsドラフトを 八戸藩_family_draft.tsv に、
レビュー用レポートを 八戸藩_family_draft_report.txt に保存しました。

【重要】これは投入前に必ず人間によるレビューが必要なドラフトです:
  - 養父の関係はすべて「養親」で統一しており、婿養子かどうかの判別は行っていません。
  - Wikidata項目が見つからなかった父・養父は、新規作成してから再実行してください。

--- stderr ---
