[1/2] 在職者一覧を取得中...
Template:出羽松山藩主 を取得・パース中...
  -> 8 名を抽出:
     酒井忠恒 (出羽松山藩主): 1647-1675
     酒井忠予: 1675-1732
     酒井忠休: 1732-1787
     酒井忠崇: 1787-1798
     酒井忠禮: 1798-1821
     酒井忠方: 1821-1845
     酒井忠良 (出羽松山藩主): 1845-1868
     酒井忠匡: 1868-1871
各在職者のQIDを解決中...
[2/2] 各在職者の記事から父・養父を抽出中...
  酒井忠恒 (出羽松山藩主) の記事を取得中...
  酒井忠予 の記事を取得中...
  酒井忠休 の記事を取得中...
  酒井忠崇 の記事を取得中...
  酒井忠禮 の記事を取得中...
  酒井忠方 の記事を取得中...
  酒井忠良 (出羽松山藩主) の記事を取得中...
  酒井忠匡 の記事を取得中...

抽出結果:
[酒井忠恒 (出羽松山藩主)] 父=酒井忠勝 (出羽国庄内藩主)(Q5367620) -> P22/P40を生成
[酒井忠予] 父=酒井忠恒 (出羽松山藩主)(Q8515187) -> P22/P40を生成
[酒井忠休] 父=酒井直隆(Q11644228) -> P22/P40を生成
[酒井忠休] 養父=酒井忠予(Q8515208) -> P1038/P1039(養親)を生成
[酒井忠崇] 父=酒井忠休(Q8515226) -> P22/P40を生成
[酒井忠禮] 父=酒井忠順 (庄内藩)(Q11644188) -> P22/P40を生成
[酒井忠禮] 養父=酒井忠崇(Q8515254) -> P1038/P1039(養親)を生成
[酒井忠方] 父=酒井忠禮(Q8515157) -> P22/P40を生成
[酒井忠良 (出羽松山藩主)] 父=酒井忠方(Q8515175) -> P22/P40を生成
[酒井忠匡] 父=酒井忠良 (出羽松山藩主)(Q8515231) -> P22/P40を生成

QuickStatementsドラフトを 出羽松山藩_family_draft.tsv に、
レビュー用レポートを 出羽松山藩_family_draft_report.txt に保存しました。

【重要】これは投入前に必ず人間によるレビューが必要なドラフトです:
  - 養父の関係はすべて「養親」で統一しており、婿養子かどうかの判別は行っていません。
  - Wikidata項目が見つからなかった父・養父は、新規作成してから再実行してください。

--- stderr ---
