[1/4] 天童藩 のQIDを解決中...
  -> Q1037917
[2/4] 在職者一覧を取得中(役職項目・家系ドラフトの両方で使い回す)...
Template:天童藩主 を取得・パース中...
  -> 5 名を抽出:
     織田信美: 1830-1836
     織田信学: 1836-1868
     織田信敏: 1868-1868
     織田寿重丸: 1868-1869
     織田信敏: 1869-1871
各在職者のQIDを解決中...
[3/4] Template/Category項目のQIDを解決中...
  -> Template: Q22819738, Category: Q9617630
[4/4] 父・養父関係をドラフト生成中...
  織田信美 の記事を取得中...
  織田信学 の記事を取得中...
  織田信敏 の記事を取得中...
  織田寿重丸 の記事を取得中...
  織田信敏 の記事を取得中...

===== ① 役職項目の作成(まずこちらだけ投入する) =====
CREATE
LAST	Lja	"天童藩主"
LAST	Dja	"羽前国天童藩を治めた藩主"
LAST	Aja	"天童藩知事"
LAST	P31	Q114962596
LAST	P279	Q24887524
LAST	P2389	Q1037917
LAST	P17	Q17
LAST	P2348	Q184963
LAST	P1424	Q22819738
...(全16行)
-> 天童藩_position_create.tsv に保存しました。

===== ② 父・養父関係のドラフト(①とは独立、いつ投入してもよい) =====
[織田信美] 父=織田信浮(Q8514715) -> P22/P40を生成
[織田信学] 父=織田信美(Q5370076) -> P22/P40を生成
[織田信敏] 父=織田信学(Q8514709) -> P22/P40を生成
[織田寿重丸] 父=織田信学(Q8514709) -> P22/P40を生成
[織田寿重丸] 養父=織田信敏(Q5370072) -> P1038/P1039(養親)を生成
[織田信敏] 父=織田信学(Q8514709) -> P22/P40を生成
[織田信敏] 先代(織田寿重丸)と実父が同じ(兄弟)なので、養子関係の補完は行いません。
-> コマンド: 天童藩_family_draft.tsv
-> レポート: 天童藩_family_draft_report.txt

【重要】このスクリプトはWikidataへの書き込みを一切行いません。生成のみです。
①を実際に投入して発行されたQIDを控えたら、次はこちらを実行してください:
  python C:\Users\tt010\OneDrive\Desktop\wiki\Diff\峰山藩主のWikidataを整備する\code\create_han_lord_position.py add-person-statements 天童藩 <発行されたQID>
  (これで逆リンク3本と各藩主個人へのP31/P21/P1559/P39が生成されます)
※ P53(家系)・P97(位階)、および②の「★要確認」「見つかりません」の行は
  いずれのコマンドにも含まれていないので、別途対応してください。

--- stderr ---
