[1/2] 在職者一覧を取得中...
Template:守山藩主 を取得・パース中...
  -> 7 名を抽出:
     松平頼貞: 1700-1743
     松平頼寛: 1738-1763
     松平頼亮: 1763-1801
     松平頼慎: 1801-1830
     松平頼誠: 1830-1862
     松平頼升: 1862-1869
     松平頼之: 1869-1871
各在職者のQIDを解決中...
[2/2] 各在職者の記事から父・養父を抽出中...
  松平頼貞 の記事を取得中...
  松平頼寛 の記事を取得中...
  松平頼亮 の記事を取得中...
  松平頼慎 の記事を取得中...
  松平頼誠 の記事を取得中...
  松平頼升 の記事を取得中...
  松平頼之 の記事を取得中...

抽出結果:
[松平頼貞] 父=松平頼元(Q6638460) -> P22/P40を生成
[松平頼寛] 父=松平頼貞(Q6638114) -> P22/P40を生成
[松平頼亮] 父=松平頼寛(Q6638400) -> P22/P40を生成
[松平頼慎] 父=松平頼亮(Q6638055) -> P22/P40を生成
[松平頼誠] 父=松平頼慎(Q11239157) -> P22/P40を生成
[松平頼升] 父=松平頼誠(Q6638299) -> P22/P40を生成
[松平頼之] 父=徳川斉昭(Q1323770) -> P22/P40を生成
[松平頼之] 養父=松平頼升(Q11239153) -> P1038/P1039(養親)を生成

QuickStatementsドラフトを 守山藩_family_draft.tsv に、
レビュー用レポートを 守山藩_family_draft_report.txt に保存しました。

【重要】これは投入前に必ず人間によるレビューが必要なドラフトです:
  - 養父の関係はすべて「養親」で統一しており、婿養子かどうかの判別は行っていません。
  - Wikidata項目が見つからなかった父・養父は、新規作成してから再実行してください。

--- stderr ---
