[1/2] 在職者一覧を取得中...
Template:山形藩主 を取得・パース中...
  -> 24 名を抽出:
     最上義光: 1600-1614
     最上家親: 1614-1617
     最上義俊: 1617-1622
     鳥居忠政: 1622-1628
     鳥居忠恒: 1628-1636
     保科正之: 1636-1643
     松平直基: 1644-1648
     松平忠弘: 1648-1668
     奥平昌能: 1668-1672
     奥平昌章: 1672-1685
     堀田正仲: 1685-1686
     松平直矩: 1686-1692
     松平忠弘: 1692-1692
     松平忠雅: 1692-1700
     堀田正虎: 1700-1729
     堀田正春: 1729-1731
     堀田正亮: 1731-1746
     松平乗祐: 1746-1764
     秋元凉朝: 1767-1768
     秋元永朝: 1768-1810
     秋元久朝: 1810-1839
     秋元志朝: 1839-1845
     水野忠精: 1845-1866
     水野忠弘: 1866-1870
各在職者のQIDを解決中...
[2/2] 各在職者の記事から父・養父を抽出中...
  最上義光 の記事を取得中...
  最上家親 の記事を取得中...
  最上義俊 の記事を取得中...
  鳥居忠政 の記事を取得中...
  鳥居忠恒 の記事を取得中...
  保科正之 の記事を取得中...
  松平直基 の記事を取得中...
  松平忠弘 の記事を取得中...
  奥平昌能 の記事を取得中...
  奥平昌章 の記事を取得中...
  堀田正仲 の記事を取得中...
  松平直矩 の記事を取得中...
  松平忠弘 の記事を取得中...
  松平忠雅 の記事を取得中...
  堀田正虎 の記事を取得中...
  堀田正春 の記事を取得中...
  堀田正亮 の記事を取得中...
  松平乗祐 の記事を取得中...
  秋元凉朝 の記事を取得中...
  秋元永朝 の記事を取得中...
  秋元久朝 の記事を取得中...
  秋元志朝 の記事を取得中...
  水野忠精 の記事を取得中...
  水野忠弘 の記事を取得中...

抽出結果:
[最上義光] 父=最上義守(Q11515462) -> P22/P40を生成
[最上家親] 父=最上義光(Q839377) -> P22/P40を生成
[最上義俊] 父=最上家親(Q8514439) -> P22/P40を生成
[鳥居忠政] 父=鳥居元忠(Q665518) -> P22/P40を生成
[鳥居忠政] 先代(最上義俊)と名字が異なるため、藩主家の交代とみなし養子関係の補完は行いません。
[鳥居忠恒] 父=鳥居忠政(Q846206) -> P22/P40を生成
[保科正之] 父=徳川秀忠(Q314464) -> P22/P40を生成
[保科正之] 養父=保科正光(Q2478488) -> P1038/P1039(養親)を生成
[松平直基] 父=結城秀康(Q1130929) -> P22/P40を生成
[松平直基] 先代(保科正之)と名字が異なるため、藩主家の交代とみなし養子関係の補完は行いません。
[松平忠弘] 父=松平忠明(Q6788072) -> P22/P40を生成
[松平忠弘] ★要確認: 実父が先代(松平直基)と一致しません。養子の可能性がありますが、祖父→孫の継承や別系統の同姓の可能性もあるため、コマンドは生成していません。記事で確認して手動で追加してください。
[奥平昌能] 父=奥平忠昌(Q11445771) -> P22/P40を生成
[奥平昌能] 先代(松平忠弘)と名字が異なるため、藩主家の交代とみなし養子関係の補完は行いません。
[奥平昌章] 父=五島盛勝(Q11372330) -> P22/P40を生成
[奥平昌章] 養父=奥平昌能(Q8515360) -> P1038/P1039(養親)を生成
[堀田正仲] 父=堀田正俊(Q936047) -> P22/P40を生成
[堀田正仲] 先代(奥平昌章)と名字が異なるため、藩主家の交代とみなし養子関係の補完は行いません。
[松平直矩] 父=松平直基(Q5324923) -> P22/P40を生成
[松平直矩] 先代(堀田正仲)と名字が異なるため、藩主家の交代とみなし養子関係の補完は行いません。
[松平忠弘] 父=松平忠明(Q6788072) -> P22/P40を生成
[松平忠弘] ★要確認: 実父が先代(松平直矩)と一致しません。養子の可能性がありますが、祖父→孫の継承や別系統の同姓の可能性もあるため、コマンドは生成していません。記事で確認して手動で追加してください。
[松平忠雅] 父=松平清照(Q11530506) -> P22/P40を生成
[松平忠雅] ★要確認: 実父が先代(松平忠弘)と一致しません。養子の可能性がありますが、祖父→孫の継承や別系統の同姓の可能性もあるため、コマンドは生成していません。記事で確認して手動で追加してください。
[堀田正虎] 父=堀田正俊(Q936047) -> P22/P40を生成
[堀田正虎] 養父=堀田正仲(Q8515540) -> P1038/P1039(養親)を生成
[堀田正春] 父=堀田正直(Q11427645) -> P22/P40を生成
[堀田正春] 養父=堀田正虎(Q8515551) -> P1038/P1039(養親)を生成
[堀田正亮] 父=堀田正武(Q11427642) -> P22/P40を生成
[堀田正亮] 養父=堀田正虎(Q8515551) -> P1038/P1039(養親)を生成
[松平乗祐] 父=松平乗邑(Q10729497) -> P22/P40を生成
[松平乗祐] 先代(堀田正亮)と名字が異なるため、藩主家の交代とみなし養子関係の補完は行いません。
[秋元凉朝] 父=秋元貞朝 のWikidata項目が見つかりません。新規作成コマンドを new_persons_all.tsv に出力しました(投入後に --family-only で再実行してください)。
[秋元凉朝] 養父=秋元喬求(Q11594838) -> P1038/P1039(養親)を生成
[秋元永朝] 父=上田義当 のWikidata項目が見つかりません。新規作成コマンドを new_persons_all.tsv に出力しました(投入後に --family-only で再実行してください)。
[秋元永朝] 養父=秋元凉朝(Q8515279) -> P1038/P1039(養親)を生成
[秋元久朝] 父=秋元永朝(Q8515285) -> P22/P40を生成
[秋元志朝] 父=毛利広鎮(Q11547631) -> P22/P40を生成
[秋元志朝] 養父=秋元久朝(Q8515297) -> P1038/P1039(養親)を生成
[水野忠精] 父=水野忠邦(Q2975848) -> P22/P40を生成
[水野忠精] 先代(秋元志朝)と名字が異なるため、藩主家の交代とみなし養子関係の補完は行いません。
[水野忠弘] Infoboxから親族関係を抽出できませんでした。手動で確認するか、_BIOGRAPHY_INFOBOX_TEMPLATE_NAMES にテンプレート名を追加してください。
[水野忠弘] ★要確認: Infoboxに実父の記載が無いため、先代との関係は不明です。養子関係の補完は行いません。手動で確認してください。

QuickStatementsドラフトを 山形藩_family_draft.tsv に、
レビュー用レポートを 山形藩_family_draft_report.txt に保存しました。

【重要】これは投入前に必ず人間によるレビューが必要なドラフトです:
  - 養父の関係はすべて「養親」で統一しており、婿養子かどうかの判別は行っていません。
  - 項目が無かった父(と初代の養父)の作成コマンドを new_persons_all.tsv(全藩分を1ファイルに集約)に保存しました。
    QuickStatementsに投入したあと、python run_batch_prepare.py --force --family-only 山形藩 を実行すると、
    新項目が見つかって子側のP22等が生成されます(反映に数分かかる場合があります)。

--- stderr ---
