[1/2] 在職者一覧を取得中...
Template:岩崎藩主 を取得・パース中...
  -> 9 名を抽出:
     佐竹義長: 1701-1718
     佐竹義道: 1718-1763
     佐竹義忠: 1763-1780
     佐竹義祇: 1780-1793
     佐竹義知: 1793-1821
     佐竹義純: 1821-1849
     佐竹義堯: 1849-1857
     佐竹義諶: 1857-1869
     佐竹義理: 1869-1871
各在職者のQIDを解決中...
[2/2] 各在職者の記事から父・養父を抽出中...
  佐竹義長 の記事を取得中...
  佐竹義道 の記事を取得中...
  佐竹義忠 の記事を取得中...
  佐竹義祇 の記事を取得中...
  佐竹義知 の記事を取得中...
  佐竹義純 の記事を取得中...
  佐竹義堯 の記事を取得中...
  佐竹義諶 の記事を取得中...
  佐竹義理 の記事を取得中...

抽出結果:
[佐竹義長] 父=佐竹義隆(Q8514544) -> P22/P40を生成
[佐竹義道] 父=佐竹義本(Q11383449) -> P22/P40を生成
[佐竹義道] 養父=佐竹義長(Q8514455) -> P1038/P1039(養親)を生成
[佐竹義忠] 父=佐竹義道(Q8514486) -> P22/P40を生成
[佐竹義祇] 父=佐竹義敏(Q11383441) -> P22/P40を生成
[佐竹義祇] 養父=佐竹義忠(Q8514539) -> P1038/P1039(養親)を生成
[佐竹義知] 父=佐竹義祇(Q8514473) -> P22/P40を生成
[佐竹義純] 父=佐竹義恭(Q109183432) -> P22/P40を生成
[佐竹義純] 養父=佐竹義知(Q8514509) -> P1038/P1039(養親)を生成
[佐竹義堯] 父=相馬益胤(Q8514605) -> P22/P40を生成
[佐竹義堯] 養父=佐竹義純(Q8514503) -> P1038/P1039(養親)を生成
[佐竹義諶] 父=相馬益胤(Q8514605) -> P22/P40を生成
[佐竹義諶] 養父=熊川長基 のWikidata項目が見つかりません(Wikipedia記事・Wikidataラベル検索とも該当なし)。新規作成してから再実行してください。
[佐竹義理] 父=相馬充胤(Q8514623) -> P22/P40を生成
[佐竹義理] 養父=佐竹義諶(Q8514491) -> P1038/P1039(養親)を生成

QuickStatementsドラフトを 岩崎藩_family_draft.tsv に、
レビュー用レポートを 岩崎藩_family_draft_report.txt に保存しました。

【重要】これは投入前に必ず人間によるレビューが必要なドラフトです:
  - 養父の関係はすべて「養親」で統一しており、婿養子かどうかの判別は行っていません。
  - Wikidata項目が見つからなかった父・養父は、新規作成してから再実行してください。

--- stderr ---
