[1/2] 在職者一覧を取得中...
Template:庄内藩主 を取得・パース中...
  -> 12 名を抽出:
     酒井忠勝 (出羽国庄内藩主): 1622-1647
     酒井忠当: 1647-1660
     酒井忠義 (出羽国庄内藩主): 1660-1681
     酒井忠真: 1682-1731
     酒井忠寄: 1731-1766
     酒井忠温 (庄内藩主): 1766-1767
     酒井忠徳: 1767-1805
     酒井忠器: 1805-1842
     酒井忠発: 1842-1861
     酒井忠寛 (庄内藩主): 1861-1862
     酒井忠篤 (庄内藩主): 1862-1868
     酒井忠宝 (庄内藩主): 1868-1871
各在職者のQIDを解決中...
[2/2] 各在職者の記事から父・養父を抽出中...
  酒井忠勝 (出羽国庄内藩主) の記事を取得中...
  酒井忠当 の記事を取得中...
  酒井忠義 (出羽国庄内藩主) の記事を取得中...
  酒井忠真 の記事を取得中...
  酒井忠寄 の記事を取得中...
  酒井忠温 (庄内藩主) の記事を取得中...
  酒井忠徳 の記事を取得中...
  酒井忠器 の記事を取得中...
  酒井忠発 の記事を取得中...
  酒井忠寛 (庄内藩主) の記事を取得中...
  酒井忠篤 (庄内藩主) の記事を取得中...
  酒井忠宝 (庄内藩主) の記事を取得中...

抽出結果:
[酒井忠勝 (出羽国庄内藩主)] 父=酒井家次(Q11644074) -> P22/P40を生成
[酒井忠当] 父=酒井忠勝 (出羽国庄内藩主)(Q5367620) -> P22/P40を生成
[酒井忠義 (出羽国庄内藩主)] 父=酒井忠当(Q8515163) -> P22/P40を生成
[酒井忠真] 父=酒井忠義 (出羽国庄内藩主)(Q8515220) -> P22/P40を生成
[酒井忠寄] 父=酒井忠予(Q8515208) -> P22/P40を生成
[酒井忠寄] 養父=酒井忠真(Q8515237) -> P1038/P1039(養親)を生成
[酒井忠温 (庄内藩主)] 父=酒井忠寄(Q8515214) -> P22/P40を生成
[酒井忠徳] 父=酒井忠温 (庄内藩主)(Q8515986) -> P22/P40を生成
[酒井忠器] 父=酒井忠徳(Q8515193) -> P22/P40を生成
[酒井忠発] 父=酒井忠器(Q8515249) -> P22/P40を生成
[酒井忠寛 (庄内藩主)] 父=酒井忠器(Q8515249) -> P22/P40を生成
[酒井忠寛 (庄内藩主)] 先代(酒井忠発)と実父が同じ(兄弟)なので、養子関係の補完は行いません。
[酒井忠篤 (庄内藩主)] 父=酒井忠発(Q8515202) -> P22/P40を生成
[酒井忠篤 (庄内藩主)] 実父が先代(酒井忠寛 (庄内藩主))と一致しないため、先代を養父として補完しました(Infoboxに養父の明記なし・推定のため要確認)。
[酒井忠篤 (庄内藩主)] 養父=酒井忠寛 (庄内藩主)(Q8515259) -> P1038/P1039(養親)を生成
[酒井忠宝 (庄内藩主)] 父=酒井忠発(Q8515202) -> P22/P40を生成
[酒井忠宝 (庄内藩主)] 先代(酒井忠篤 (庄内藩主))と実父が同じ(兄弟)なので、養子関係の補完は行いません。

QuickStatementsドラフトを 庄内藩_family_draft.tsv に、
レビュー用レポートを 庄内藩_family_draft_report.txt に保存しました。

【重要】これは投入前に必ず人間によるレビューが必要なドラフトです:
  - 養父の関係はすべて「養親」で統一しており、婿養子かどうかの判別は行っていません。
  - Wikidata項目が見つからなかった父・養父は、新規作成してから再実行してください。

--- stderr ---
