[1/2] 在職者一覧を取得中...
Template:弘前藩主 を取得・パース中...
  -> 12 名を抽出:
     津軽為信: 1590-1607
     津軽信枚: 1607-1631
     津軽信義: 1631-1655
     津軽信政: 1656-1710
     津軽信寿: 1710-1731
     津軽信著: 1731-1744
     津軽信寧: 1744-1784
     津軽信明: 1784-1791
     津軽寧親: 1791-1825
     津軽信順: 1825-1839
     津軽順承: 1839-1859
     津軽承昭: 1859-1871
各在職者のQIDを解決中...
[2/2] 各在職者の記事から父・養父を抽出中...
  津軽為信 の記事を取得中...
  津軽信枚 の記事を取得中...
  津軽信義 の記事を取得中...
  津軽信政 の記事を取得中...
  津軽信寿 の記事を取得中...
  津軽信著 の記事を取得中...
  津軽信寧 の記事を取得中...
  津軽信明 の記事を取得中...
  津軽寧親 の記事を取得中...
  津軽信順 の記事を取得中...
  津軽順承 の記事を取得中...
  津軽承昭 の記事を取得中...

抽出結果:
[津軽為信] 父=大浦守信(Q11437442) -> P22/P40を生成
[津軽為信] 養父=大浦為則(Q11437457) -> P1038/P1039(養親)を生成
[津軽信枚] 父=津軽為信(Q909029) -> P22/P40を生成
[津軽信義] 父=津軽信枚(Q837782) -> P22/P40を生成
[津軽信政] 父=津軽信義(Q838192) -> P22/P40を生成
[津軽信寿] 父=津軽信政(Q7849976) -> P22/P40を生成
[津軽信著] 父=津軽信興(Q11255668) -> P22/P40を生成
[津軽信著] 実父が先代(津軽信寿)と一致しないため、先代を養父として補完しました(Infoboxに養父の明記なし・推定のため要確認)。
[津軽信著] 養父=津軽信寿(Q7849975) -> P1038/P1039(養親)を生成
[津軽信寧] 父=津軽信著(Q7849971) -> P22/P40を生成
[津軽信明] 父=津軽信寧(Q7849978) -> P22/P40を生成
[津軽寧親] 父=津軽著高(Q11255683) -> P22/P40を生成
[津軽寧親] 養父=津軽信明(Q7849974) -> P1038/P1039(養親)を生成
[津軽信順] 父=津軽寧親(Q7849985) -> P22/P40を生成
[津軽順承] 父=松平信明 (三河吉田藩主)(Q11530346) -> P22/P40を生成
[津軽順承] 養父=津軽親足(Q7849967) -> P1038/P1039(養親)を生成
[津軽承昭] 父=細川斉護(Q11605913) -> P22/P40を生成
[津軽承昭] 養父=津軽順承(Q7849987) -> P1038/P1039(養親)を生成

QuickStatementsドラフトを 弘前藩_family_draft.tsv に、
レビュー用レポートを 弘前藩_family_draft_report.txt に保存しました。

【重要】これは投入前に必ず人間によるレビューが必要なドラフトです:
  - 養父の関係はすべて「養親」で統一しており、婿養子かどうかの判別は行っていません。
  - Wikidata項目が見つからなかった父・養父は、新規作成してから再実行してください。

--- stderr ---
