[1/2] 在職者一覧を取得中...
Template:新庄藩主 を取得・パース中...
  -> 11 名を抽出:
     戸沢政盛: 1622-1648
     戸沢正誠: 1650-1710
     戸沢正庸: 1710-1737
     戸沢正勝: 1737-1745
     戸沢正諶: 1745-1765
     戸沢正産: 1765-1780
     戸沢正良: 1780-1786
     戸沢正親: 1786-1796
     戸沢正胤: 1796-1840
     戸沢正令: 1840-1843
     戸沢正実: 1843-1871
各在職者のQIDを解決中...
[2/2] 各在職者の記事から父・養父を抽出中...
  戸沢政盛 の記事を取得中...
  戸沢正誠 の記事を取得中...
  戸沢正庸 の記事を取得中...
  戸沢正勝 の記事を取得中...
  戸沢正諶 の記事を取得中...
  戸沢正産 の記事を取得中...
  戸沢正良 の記事を取得中...
  戸沢正親 の記事を取得中...
  戸沢正胤 の記事を取得中...
  戸沢正令 の記事を取得中...
  戸沢正実 の記事を取得中...

抽出結果:
[戸沢政盛] 父=戸沢盛安(Q10297028) -> P22/P40を生成
[戸沢正誠] 父=戸沢政盛(Q5368867) -> P22/P40を生成
[戸沢正庸] 父=楢岡友清 のWikidata項目が見つかりません。新規作成コマンドを new_persons_all.tsv に出力しました(投入後に --family-only で再実行してください)。
[戸沢正庸] 養父=戸沢正誠(Q8514153) -> P1038/P1039(養親)を生成
[戸沢正勝] 父=戸沢正庸(Q8514175) -> P22/P40を生成
[戸沢正諶] 父=戸沢正庸(Q8514175) -> P22/P40を生成
[戸沢正諶] 養父=戸沢正勝(Q8514181) -> P1038/P1039(養親)を生成
[戸沢正産] 父=戸沢正諶(Q8514159) -> P22/P40を生成
[戸沢正良] 父=戸沢正庸(Q8514175) -> P22/P40を生成
[戸沢正良] 養父=戸沢正産(Q8514200) -> P1038/P1039(養親)を生成
[戸沢正親] 父=戸沢正備(Q134546458) -> P22/P40を生成
[戸沢正親] 養父=戸沢正良(Q8514164) -> P1038/P1039(養親)を生成
[戸沢正胤] 父=戸沢正親(Q8514195) -> P22/P40を生成
[戸沢正令] 父=戸沢正胤(Q8514170) -> P22/P40を生成
[戸沢正実] 父=戸沢正令(Q8514423) -> P22/P40を生成

QuickStatementsドラフトを 新庄藩_family_draft.tsv に、
レビュー用レポートを 新庄藩_family_draft_report.txt に保存しました。

【重要】これは投入前に必ず人間によるレビューが必要なドラフトです:
  - 養父の関係はすべて「養親」で統一しており、婿養子かどうかの判別は行っていません。
  - 項目が無かった父(と初代の養父)の作成コマンドを new_persons_all.tsv(全藩分を1ファイルに集約)に保存しました。
    QuickStatementsに投入したあと、python run_batch_prepare.py --force --family-only 新庄藩 を実行すると、
    新項目が見つかって子側のP22等が生成されます(反映に数分かかる場合があります)。

--- stderr ---
