[1/2] 在職者一覧を取得中...
Template:本荘藩主 を取得・パース中...
  -> 11 名を抽出:
     六郷政乗: 1623-1634
     六郷政勝: 1634-1676
     六郷政信: 1676-1685
     六郷政晴: 1685-1735
     六郷政長: 1735-1754
     六郷政林: 1754-1783
     六郷政速: 1783-1812
     六郷政純: 1812-1822
     六郷政恒: 1822-1848
     六郷政殷: 1848-1861
     六郷政鑑: 1861-1871
各在職者のQIDを解決中...
[2/2] 各在職者の記事から父・養父を抽出中...
  六郷政乗 の記事を取得中...
  六郷政勝 の記事を取得中...
  六郷政信 の記事を取得中...
  六郷政晴 の記事を取得中...
  六郷政長 の記事を取得中...
  六郷政林 の記事を取得中...
  六郷政速 の記事を取得中...
  六郷政純 の記事を取得中...
  六郷政恒 の記事を取得中...
  六郷政殷 の記事を取得中...
  六郷政鑑 の記事を取得中...

抽出結果:
[六郷政乗] 父=六郷道行(Q23986622) -> P22/P40を生成
[六郷政勝] 父=六郷政乗(Q8514212) -> P22/P40を生成
[六郷政信] 父=六郷政勝(Q8514252) -> P22/P40を生成
[六郷政晴] 父=六郷政信(Q8514218) -> P22/P40を生成
[六郷政長] 父=六郷政晴(Q8514264) -> P22/P40を生成
[六郷政林] 父=六郷政蔭 のWikidata項目が見つかりません。新規作成コマンドを new_persons_all.tsv に出力しました(投入後に --family-only で再実行してください)。
[六郷政林] 養父=六郷政長(Q8514206) -> P1038/P1039(養親)を生成
[六郷政速] 父=六郷政林(Q8514224) -> P22/P40を生成
[六郷政純] 父=六郷政速(Q8514240) -> P22/P40を生成
[六郷政恒] 父=六郷政芳(Q11392586) -> P22/P40を生成
[六郷政恒] 養父=六郷政純(Q8514235) -> P1038/P1039(養親)を生成
[六郷政殷] 父=六郷政恒(Q8514230) -> P22/P40を生成
[六郷政殷] 養父=六郷主水 のWikidata項目は見つかりませんが、初代以外の養父は項目を作成しない方針のため、養子関係は生成しません。
[六郷政鑑] 父=六郷政殷(Q8514259) -> P22/P40を生成

QuickStatementsドラフトを 本荘藩_family_draft.tsv に、
レビュー用レポートを 本荘藩_family_draft_report.txt に保存しました。

【重要】これは投入前に必ず人間によるレビューが必要なドラフトです:
  - 養父の関係はすべて「養親」で統一しており、婿養子かどうかの判別は行っていません。
  - 項目が無かった父(と初代の養父)の作成コマンドを new_persons_all.tsv(全藩分を1ファイルに集約)に保存しました。
    QuickStatementsに投入したあと、python run_batch_prepare.py --force --family-only 本荘藩 を実行すると、
    新項目が見つかって子側のP22等が生成されます(反映に数分かかる場合があります)。

--- stderr ---
