[1/2] 在職者一覧を取得中...
Template:松前藩主 を取得・パース中...
  !! 警告(年の解析): [[松前慶広]] は開始年がありません(取れた年のみ P580/P582 に付与します): None-1616
  -> 15 名を抽出:
     松前慶広: None-1616
     松前公広: 1617-1641
     松前氏広: 1641-1648
     松前高広: 1648-1665
     松前矩広: 1665-1720
     松前邦広: 1721-1743
     松前資広: 1743-1765
     松前道広: 1765-1792
     松前章広: 1792-1807
     松前章広: 1821-1833
     松前良広: 1834-1839
     松前昌広: 1839-1849
     松前崇広: 1849-1865
     松前徳広: 1866-1868
     松前修広: 1869-1871
各在職者のQIDを解決中...
[2/2] 各在職者の記事から父・養父を抽出中...
  松前慶広 の記事を取得中...
  松前公広 の記事を取得中...
  松前氏広 の記事を取得中...
  松前高広 の記事を取得中...
  松前矩広 の記事を取得中...
  松前邦広 の記事を取得中...
  松前資広 の記事を取得中...
  松前道広 の記事を取得中...
  松前章広 の記事を取得中...
  松前章広 の記事を取得中...
  松前良広 の記事を取得中...
  松前昌広 の記事を取得中...
  松前崇広 の記事を取得中...
  松前徳広 の記事を取得中...
  松前修広 の記事を取得中...

抽出結果:
[松前慶広] 父=蠣崎季広(Q10514629) -> P22/P40を生成
[松前公広] 父=松前盛広(Q11239190) -> P22/P40を生成
[松前公広] ★要確認: 実父が先代(松前慶広)と一致しません。養子の可能性がありますが、祖父→孫の継承や別系統の同姓の可能性もあるため、コマンドは生成していません。記事で確認して手動で追加してください。
[松前氏広] 父=松前公広(Q8514279) -> P22/P40を生成
[松前高広] 父=松前氏広(Q8514336) -> P22/P40を生成
[松前矩広] 父=松前高広(Q8514302) -> P22/P40を生成
[松前邦広] 父=松前本広 のWikidata項目が見つかりません。新規作成コマンドを new_persons_all.tsv に出力しました(投入後に --family-only で再実行してください)。
[松前邦広] 実父=松前本広 のWikidata項目が見つからないため、先代と同一人物かどうか判別できません。養子関係の補完は行いません。実父の項目を作成してから再実行するか、手動で確認してください。
[松前資広] 父=松前邦広(Q8514273) -> P22/P40を生成
[松前道広] 父=松前資広(Q8514319) -> P22/P40を生成
[松前章広] 父=松前道広(Q8514314) -> P22/P40を生成
[松前章広] 父=松前道広(Q8514314) -> P22/P40を生成
[松前章広] 先代と同一人物(再任・藩知事就任など)のため、養子関係の補完は行いません。
[松前良広] 父=松前見広(Q11529322) -> P22/P40を生成
[松前良広] ★要確認: 実父が先代(松前章広)と一致しません。養子の可能性がありますが、祖父→孫の継承や別系統の同姓の可能性もあるため、コマンドは生成していません。記事で確認して手動で追加してください。
[松前昌広] 父=松前見広(Q11529322) -> P22/P40を生成
[松前昌広] 先代(松前良広)と実父が同じ(兄弟)なので、養子関係の補完は行いません。
[松前崇広] 父=松前章広(Q8514326) -> P22/P40を生成
[松前崇広] ★要確認: 実父が先代(松前昌広)と一致しません。養子の可能性がありますが、祖父→孫の継承や別系統の同姓の可能性もあるため、コマンドは生成していません。記事で確認して手動で追加してください。
[松前徳広] 父=松前昌広(Q8514308) -> P22/P40を生成
[松前徳広] ★要確認: 実父が先代(松前崇広)と一致しません。養子の可能性がありますが、祖父→孫の継承や別系統の同姓の可能性もあるため、コマンドは生成していません。記事で確認して手動で追加してください。
[松前修広] 父=松前徳広(Q8514292) -> P22/P40を生成

QuickStatementsドラフトを 松前藩_family_draft.tsv に、
レビュー用レポートを 松前藩_family_draft_report.txt に保存しました。

【重要】これは投入前に必ず人間によるレビューが必要なドラフトです:
  - 養父の関係はすべて「養親」で統一しており、婿養子かどうかの判別は行っていません。
  - 項目が無かった父(と初代の養父)の作成コマンドを new_persons_all.tsv(全藩分を1ファイルに集約)に保存しました。
    QuickStatementsに投入したあと、python run_batch_prepare.py --force --family-only 松前藩 を実行すると、
    新項目が見つかって子側のP22等が生成されます(反映に数分かかる場合があります)。

--- stderr ---
