[1/2] 在職者一覧を取得中...
Template:桑折藩主 を取得・パース中...
  -> 3 名を抽出:
     松平忠尚: 1700-1719
     松平忠暁: 1719-1736
     松平忠恒: 1736-1747
各在職者のQIDを解決中...
[2/2] 各在職者の記事から父・養父を抽出中...
  松平忠尚 の記事を取得中...
  松平忠暁 の記事を取得中...
  松平忠恒 の記事を取得中...

抽出結果:
[松平忠尚] 父=松平乗久(Q10729463) -> P22/P40を生成
[松平忠尚] 養父=松平忠弘(Q11239138) -> P1038/P1039(養親)を生成
[松平忠暁] 養父=松平忠尚(Q10729501) -> P1038/P1039(養親)を生成
[松平忠恒] 父=松平忠暁(Q8515098) -> P22/P40を生成

QuickStatementsドラフトを 桑折藩_family_draft.tsv に、
レビュー用レポートを 桑折藩_family_draft_report.txt に保存しました。

【重要】これは投入前に必ず人間によるレビューが必要なドラフトです:
  - 養父の関係はすべて「養親」で統一しており、婿養子かどうかの判別は行っていません。
  - Wikidata項目が見つからなかった父・養父は、新規作成してから再実行してください。

--- stderr ---
