[1/2] 在職者一覧を取得中...
Template:梁川藩主 を取得・パース中...
  -> 5 名を抽出:
     松平義昌: 1683-1713
     松平義方: 1713-1721
     松平義真: 1721-1729
     徳川宗春: 1729-1730
     松前章広: 1807-1821
各在職者のQIDを解決中...
[2/2] 各在職者の記事から父・養父を抽出中...
  松平義昌 の記事を取得中...
  松平義方 の記事を取得中...
  松平義真 の記事を取得中...
  徳川宗春 の記事を取得中...
  松前章広 の記事を取得中...

抽出結果:
[松平義昌] 父=徳川光友(Q843245) -> P22/P40を生成
[松平義方] 父=松平義昌(Q6636998) -> P22/P40を生成
[松平義真] 父=松平義方(Q11239162) -> P22/P40を生成
[徳川宗春] 父=徳川綱誠(Q982743) -> P22/P40を生成
[徳川宗春] 養父=徳川継友(Q1052927) -> P1038/P1039(養親)を生成
[松前章広] 父=松前道広(Q8514314) -> P22/P40を生成
[松前章広] 先代(徳川宗春)と名字が異なるため、藩主家の交代とみなし養子関係の補完は行いません。

QuickStatementsドラフトを 梁川藩_family_draft.tsv に、
レビュー用レポートを 梁川藩_family_draft_report.txt に保存しました。

【重要】これは投入前に必ず人間によるレビューが必要なドラフトです:
  - 養父の関係はすべて「養親」で統一しており、婿養子かどうかの判別は行っていません。
  - Wikidata項目が見つからなかった父・養父は、新規作成してから再実行してください。

--- stderr ---
