[1/4] 棚倉藩 のQIDを解決中...
  -> Q909259
[2/4] 在職者一覧を取得中(役職項目・家系ドラフトの両方で使い回す)...
Template:棚倉藩主 を取得・パース中...
  -> 19 名を抽出:
     立花宗茂: 1603-1620
     丹羽長重: 1622-1627
     内藤信照: 1627-1665
     内藤信良: 1665-1674
     内藤弌信: 1674-1705
     太田資晴: 1705-1728
     松平武元: 1728-1746
     小笠原長恭: 1746-1776
     小笠原長堯: 1776-1812
     小笠原長昌: 1812-1817
     井上正甫: 1817-1820
     井上正春: 1820-1836
     松平康爵: 1836-1854
     松平康圭: 1854-1862
     松平康泰: 1862-1864
     松平康英: 1864-1866
     阿部正静: 1866-1868
     阿部正静: 1868-1868
     阿部正功: 1868-1871
各在職者のQIDを解決中...
[3/4] Template/Category項目のQIDを解決中...
  -> Template: Q17370462, Category: Q17156573
[4/4] 父・養父関係をドラフト生成中...
  立花宗茂 の記事を取得中...
  丹羽長重 の記事を取得中...
  内藤信照 の記事を取得中...
  内藤信良 の記事を取得中...
  内藤弌信 の記事を取得中...
  太田資晴 の記事を取得中...
  松平武元 の記事を取得中...
  小笠原長恭 の記事を取得中...
  小笠原長堯 の記事を取得中...
  小笠原長昌 の記事を取得中...
  井上正甫 の記事を取得中...
  井上正春 の記事を取得中...
  松平康爵 の記事を取得中...
  松平康圭 の記事を取得中...
  松平康泰 の記事を取得中...
  松平康英 の記事を取得中...
  阿部正静 の記事を取得中...
  阿部正静 の記事を取得中...
  阿部正功 の記事を取得中...

===== ① 役職項目の作成(まずこちらだけ投入する) =====
CREATE
LAST	Lja	"棚倉藩主"
LAST	Dja	"磐城国棚倉藩を治めた藩主"
LAST	Aja	"棚倉藩知事"
LAST	P31	Q114962596
LAST	P279	Q24887524
LAST	P2389	Q909259
LAST	P17	Q17
LAST	P2348	Q184963
LAST	P1424	Q17370462
...(全30行)
-> 棚倉藩_position_create.tsv に保存しました。

===== ② 父・養父関係のドラフト(①とは独立、いつ投入してもよい) =====
[立花宗茂] 父=高橋紹運(Q859759) -> P22/P40を生成
[丹羽長重] 父=丹羽長秀(Q2900560) -> P22/P40を生成
[丹羽長重] 先代(立花宗茂)と名字が異なるため、藩主家の交代とみなし養子関係の補完は行いません。
[内藤信照] 父=内藤信正(Q11394459) -> P22/P40を生成
[内藤信照] 先代(丹羽長重)と名字が異なるため、藩主家の交代とみなし養子関係の補完は行いません。
[内藤信良] 父=内藤信照(Q8513870) -> P22/P40を生成
[内藤弌信] 父=内藤信光(Q11394449) -> P22/P40を生成
[内藤弌信] 養父=内藤信良(Q8513864) -> P1038/P1039(養親)を生成
[太田資晴] 父=太田資直(Q11070291) -> P22/P40を生成
[太田資晴] 先代(内藤弌信)と名字が異なるため、藩主家の交代とみなし養子関係の補完は行いません。
[松平武元] 父=松平頼明 (常陸府中藩主)(Q6638044) -> P22/P40を生成
[松平武元] 養父=松平武雅(Q11530500) -> P1038/P1039(養親)を生成
[小笠原長恭] 父=小笠原長庸(Q11463419) -> P22/P40を生成
[小笠原長恭] 先代(松平武元)と名字が異なるため、藩主家の交代とみなし養子関係の補完は行いません。
[小笠原長堯] 父=小笠原長恭(Q8515344) -> P22/P40を生成
[小笠原長昌] 父=小笠原長堯(Q8515349) -> P22/P40を生成
[井上正甫] 父=井上正定(Q6036682) -> P22/P40を生成
[井上正甫] 先代(小笠原長昌)と名字が異なるため、藩主家の交代とみなし養子関係の補完は行いません。
[井上正春] 父=井上正甫(Q6036685) -> P22/P40を生成
[松平康爵] 父=松平康任(Q3538594) -> P22/P40を生成
[松平康爵] 先代(井上正春)と名字が異なるため、藩主家の交代とみなし養子関係の補完は行いません。
[松平康圭] 父=松平康任(Q3538594) -> P22/P40を生成
[松平康圭] 先代(松平康爵)と実父が同じ(兄弟)なので、養子関係の補完は行いません。
[松平康泰] 父=松平康圭(Q8515122) -> P22/P40を生成
[松平康英] 父=松平康済(Q132435905) -> P22/P40を生成
[松平康英] 養父=松平康泰(Q8515135) -> P1038/P1039(養親)を生成
[阿部正静] 父=阿部正外(Q6526165) -> P22/P40を生成
[阿部正静] 先代(松平康英)と名字が異なるため、藩主家の交代とみなし養子関係の補完は行いません。
[阿部正静] 父=阿部正外(Q6526165) -> P22/P40を生成
[阿部正静] 先代と同一人物(再任・藩知事就任など)のため、養子関係の補完は行いません。
[阿部正功] 父=阿部正耆(Q8013925) -> P22/P40を生成
[阿部正功] ★要確認: 実父が先代(阿部正静)と一致しません。養子の可能性がありますが、祖父→孫の継承や別系統の同姓の可能性もあるため、コマンドは生成していません。記事で確認して手動で追加してください。
-> コマンド: 棚倉藩_family_draft.tsv
-> レポート: 棚倉藩_family_draft_report.txt

【重要】このスクリプトはWikidataへの書き込みを一切行いません。生成のみです。
①を実際に投入して発行されたQIDを控えたら、次はこちらを実行してください:
  python C:\Users\tt010\OneDrive\Desktop\wiki\Diff\峰山藩主のWikidataを整備する\code\create_han_lord_position.py add-person-statements 棚倉藩 <発行されたQID>
  (これで逆リンク3本と各藩主個人へのP31/P21/P1559/P39が生成されます)
※ P53(家系)・P97(位階)、および②の「★要確認」「見つかりません」の行は
  いずれのコマンドにも含まれていないので、別途対応してください。

--- stderr ---
