[1/2] 在職者一覧を取得中...
Template:泉藩主 を取得・パース中...
  -> 12 名を抽出:
     内藤政晴: 1634-1645
     内藤政親: 1646-1696
     内藤政森: 1696-1702
     板倉重同: 1702-1717
     板倉勝清: 1717-1746
     本多忠如: 1746-1754
     本多忠籌: 1754-1799
     本多忠誠: 1799-1815
     本多忠知: 1815-1836
     本多忠徳: 1836-1860
     本多忠紀: 1860-1868
     本多忠伸: 1868-1871
各在職者のQIDを解決中...
[2/2] 各在職者の記事から父・養父を抽出中...
  内藤政晴 の記事を取得中...
  内藤政親 の記事を取得中...
  内藤政森 の記事を取得中...
  板倉重同 の記事を取得中...
  板倉勝清 の記事を取得中...
  本多忠如 の記事を取得中...
  本多忠籌 の記事を取得中...
  本多忠誠 の記事を取得中...
  本多忠知 の記事を取得中...
  本多忠徳 の記事を取得中...
  本多忠紀 の記事を取得中...
  本多忠伸 の記事を取得中...

抽出結果:
[内藤政晴] 父=内藤政長(Q8514891) -> P22/P40を生成
[内藤政親] 父=内藤政晴(Q8514963) -> P22/P40を生成
[内藤政森] 父=内藤政親(Q8514937) -> P22/P40を生成
[板倉重同] 父=神保元茂(Q141655387) -> P22/P40を生成
[板倉重同] 養父=板倉重形(Q11532524) -> P1038/P1039(養親)を生成
[板倉勝清] 父=板倉重同(Q8515454) -> P22/P40を生成
[本多忠如] 父=本多忠直 (大和国郡山藩主)(Q11520027) -> P22/P40を生成
[本多忠如] 先代(板倉勝清)と名字が異なるため、藩主家の交代とみなし養子関係の補完は行いません。
[本多忠籌] 父=本多忠如(Q8515496) -> P22/P40を生成
[本多忠誠] 父=本多忠籌(Q8515501) -> P22/P40を生成
[本多忠知] 父=本多忠誠(Q8515486) -> P22/P40を生成
[本多忠徳] 父=本多忠知(Q8516028) -> P22/P40を生成
[本多忠紀] 父=本多忠知(Q8516028) -> P22/P40を生成
[本多忠紀] 先代(本多忠徳)と実父が同じ(兄弟)なので、養子関係の補完は行いません。
[本多忠伸] 父=本多忠行(Q109357699) -> P22/P40を生成
[本多忠伸] 養父=本多忠紀(Q8515516) -> P1038/P1039(養親)を生成

QuickStatementsドラフトを 泉藩_family_draft.tsv に、
レビュー用レポートを 泉藩_family_draft_report.txt に保存しました。

【重要】これは投入前に必ず人間によるレビューが必要なドラフトです:
  - 養父の関係はすべて「養親」で統一しており、婿養子かどうかの判別は行っていません。

--- stderr ---
