[1/2] 在職者一覧を取得中...
Template:湯長谷藩主 を取得・パース中...
  -> 15 名を抽出:
     遠山政亮: 1670-1676
     遠山政亮: 1676-1693
     遠山政徳: 1693-1703
     内藤政貞: 1703-1722
     内藤政醇: 1722-1741
     内藤政業: 1741-1761
     内藤貞幹: 1761-1778
     内藤政広: 1778-1787
     内藤政徧: 1787-1799
     内藤政璟: 1799-1824
     内藤政民: 1824-1855
     内藤政恒: 1855-1859
     内藤政敏: 1859-1863
     内藤政養: 1863-1868
     内藤政憲: 1869-1871
各在職者のQIDを解決中...
[2/2] 各在職者の記事から父・養父を抽出中...
  遠山政亮 の記事を取得中...
  遠山政亮 の記事を取得中...
  遠山政徳 の記事を取得中...
  内藤政貞 の記事を取得中...
  内藤政醇 の記事を取得中...
  内藤政業 の記事を取得中...
  内藤貞幹 の記事を取得中...
  内藤政広 の記事を取得中...
  内藤政徧 の記事を取得中...
  内藤政璟 の記事を取得中...
  内藤政民 の記事を取得中...
  内藤政恒 の記事を取得中...
  内藤政敏 の記事を取得中...
  内藤政養 の記事を取得中...
  内藤政憲 の記事を取得中...

抽出結果:
[遠山政亮] 父=内藤忠興(Q8514885) -> P22/P40を生成
[遠山政亮] 父=内藤忠興(Q8514885) -> P22/P40を生成
[遠山政亮] 先代と同一人物(再任・藩知事就任など)のため、養子関係の補完は行いません。
[遠山政徳] 父=堀直行(Q113244841) -> P22/P40を生成
[遠山政徳] 養父=遠山政亮(Q8514148) -> P1038/P1039(養親)を生成
[内藤政貞] 父=土方雄賀(Q113244807) -> P22/P40を生成
[内藤政貞] 養父=遠山政徳(Q8515943) -> P1038/P1039(養親)を生成
[内藤政醇] 父=内藤政貞(Q8513874) -> P22/P40を生成
[内藤政業] 父=内藤政醇(Q8514914) -> P22/P40を生成
[内藤貞幹] 父=徳川宗直(Q6993442) -> P22/P40を生成
[内藤貞幹] 養父=内藤政業(Q8514902) -> P1038/P1039(養親)を生成
[内藤政広] 父=内藤貞幹(Q6992919) -> P22/P40を生成
[内藤政徧] 父=内藤貞幹(Q6992919) -> P22/P40を生成
[内藤政徧] 養父=内藤政広(Q8514969) -> P1038/P1039(養親)を生成
[内藤政璟] 養父=内藤政偏 のWikidata項目が見つかりません(Wikipedia記事・Wikidataラベル検索とも該当なし)。新規作成してから再実行してください。
[内藤政民] 養父=内藤政環 のWikidata項目が見つかりません(Wikipedia記事・Wikidataラベル検索とも該当なし)。新規作成してから再実行してください。
[内藤政恒] 父=松平光庸(Q6832332) -> P22/P40を生成
[内藤政恒] 養父=内藤政民(Q8514951) -> P1038/P1039(養親)を生成
[内藤政敏] 養父=内藤政恒(Q6832237) -> P1038/P1039(養親)を生成
[内藤政養] 父=内藤政恒(Q6832237) -> P22/P40を生成
[内藤政養] 養父=内藤政敏(Q8514957) -> P1038/P1039(養親)を生成
[内藤政憲] 養父=谷衛滋(Q6638028) -> P1038/P1039(養親)を生成

QuickStatementsドラフトを 湯長谷藩_family_draft.tsv に、
レビュー用レポートを 湯長谷藩_family_draft_report.txt に保存しました。

【重要】これは投入前に必ず人間によるレビューが必要なドラフトです:
  - 養父の関係はすべて「養親」で統一しており、婿養子かどうかの判別は行っていません。
  - Wikidata項目が見つからなかった父・養父は、新規作成してから再実行してください。

--- stderr ---
