[1/2] 在職者一覧を取得中...
Template:白河藩主 を取得・パース中...
  -> 22 名を抽出:
     丹羽長重: 1627-1637
     丹羽光重: 1637-1643
     榊原忠次: 1643-1649
     本多忠義: 1649-1662
     本多忠平: 1662-1681
     松平忠弘: 1681-1692
     松平直矩: 1692-1695
     松平基知: 1695-1729
     松平明矩: 1729-1741
     松平定賢: 1741-1770
     松平定邦: 1770-1783
     松平定信: 1783-1812
     松平定永: 1812-1823
     阿部正権: 1823-1823
     阿部正篤: 1823-1831
     阿部正瞭: 1831-1838
     阿部正備: 1838-1848
     阿部正定: 1848-1848
     阿部正耆: 1848-1864
     阿部正外: 1864-1866
     阿部正静: 1866-1866
     阿部正静: 1868-1868
各在職者のQIDを解決中...
[2/2] 各在職者の記事から父・養父を抽出中...
  丹羽長重 の記事を取得中...
  丹羽光重 の記事を取得中...
  榊原忠次 の記事を取得中...
  本多忠義 の記事を取得中...
  本多忠平 の記事を取得中...
  松平忠弘 の記事を取得中...
  松平直矩 の記事を取得中...
  松平基知 の記事を取得中...
  松平明矩 の記事を取得中...
  松平定賢 の記事を取得中...
  松平定邦 の記事を取得中...
  松平定信 の記事を取得中...
  松平定永 の記事を取得中...
  阿部正権 の記事を取得中...
  阿部正篤 の記事を取得中...
  阿部正瞭 の記事を取得中...
  阿部正備 の記事を取得中...
  阿部正定 の記事を取得中...
  阿部正耆 の記事を取得中...
  阿部正外 の記事を取得中...
  阿部正静 の記事を取得中...
  阿部正静 の記事を取得中...

抽出結果:
[丹羽長重] 父=丹羽長秀(Q2900560) -> P22/P40を生成
[丹羽光重] 父=丹羽長重(Q909763) -> P22/P40を生成
[榊原忠次] 父=大須賀忠政(Q5368978) -> P22/P40を生成
[榊原忠次] 先代(丹羽光重)と名字が異なるため、藩主家の交代とみなし養子関係の補完は行いません。
[本多忠義] 父=本多忠政(Q3275929) -> P22/P40を生成
[本多忠義] 先代(榊原忠次)と名字が異なるため、藩主家の交代とみなし養子関係の補完は行いません。
[本多忠平] 父=本多忠義(Q8515491) -> P22/P40を生成
[松平忠弘] 父=松平忠明(Q6788072) -> P22/P40を生成
[松平忠弘] 先代(本多忠平)と名字が異なるため、藩主家の交代とみなし養子関係の補完は行いません。
[松平直矩] 父=松平直基(Q5324923) -> P22/P40を生成
[松平直矩] ★要確認: 実父が先代(松平忠弘)と一致しません。養子の可能性がありますが、祖父→孫の継承や別系統の同姓の可能性もあるため、コマンドは生成していません。記事で確認して手動で追加してください。
[松平基知] 父=松平直矩(Q399755) -> P22/P40を生成
[松平明矩] 父=松平知清(Q8515140) -> P22/P40を生成
[松平明矩] ★要確認: 実父が先代(松平基知)と一致しません。養子の可能性がありますが、祖父→孫の継承や別系統の同姓の可能性もあるため、コマンドは生成していません。記事で確認して手動で追加してください。
[松平定賢] 父=松平頼貞(Q6638114) -> P22/P40を生成
[松平定賢] 養父=松平定儀(Q10729406) -> P1038/P1039(養親)を生成
[松平定邦] 父=松平定賢(Q6637949) -> P22/P40を生成
[松平定信] 父=徳川宗武(Q2439046) -> P22/P40を生成
[松平定信] 養父=松平定邦(Q10729371) -> P1038/P1039(養親)を生成
[松平定永] 父=松平定信(Q284038) -> P22/P40を生成
[阿部正権] 父=阿部正由(Q3331296) -> P22/P40を生成
[阿部正権] 先代(松平定永)と名字が異なるため、藩主家の交代とみなし養子関係の補完は行いません。
[阿部正篤] 父=松平頼興 のWikidata項目が見つかりません。新規作成コマンドを new_persons_all.tsv に出力しました(投入後に --family-only で再実行してください)。
[阿部正篤] 養父=阿部正権(Q318178) -> P1038/P1039(養親)を生成
[阿部正瞭] 父=松平信明 (三河吉田藩主)(Q11530346) -> P22/P40を生成
[阿部正瞭] 養父=阿部正篤(Q8013604) -> P1038/P1039(養親)を生成
[阿部正備] 父=大村純昌(Q11436057) -> P22/P40を生成
[阿部正備] ★要確認: 実父が先代(阿部正瞭)と一致しません。養子の可能性がありますが、祖父→孫の継承や別系統の同姓の可能性もあるため、コマンドは生成していません。記事で確認して手動で追加してください。
[阿部正定] 父=阿部正蔵(Q6527504) -> P22/P40を生成
[阿部正定] ★要確認: 実父が先代(阿部正備)と一致しません。養子の可能性がありますが、祖父→孫の継承や別系統の同姓の可能性もあるため、コマンドは生成していません。記事で確認して手動で追加してください。
[阿部正耆] 父=阿部正粹(Q10565449) -> P22/P40を生成
[阿部正耆] 養父=阿部正定(Q8013299) -> P1038/P1039(養親)を生成
[阿部正外] 父=阿部正蔵(Q6527504) -> P22/P40を生成
[阿部正外] ★要確認: 実父が先代(阿部正耆)と一致しません。養子の可能性がありますが、祖父→孫の継承や別系統の同姓の可能性もあるため、コマンドは生成していません。記事で確認して手動で追加してください。
[阿部正静] 父=阿部正外(Q6526165) -> P22/P40を生成
[阿部正静] 父=阿部正外(Q6526165) -> P22/P40を生成
[阿部正静] 先代と同一人物(再任・藩知事就任など)のため、養子関係の補完は行いません。

QuickStatementsドラフトを 白河藩_family_draft.tsv に、
レビュー用レポートを 白河藩_family_draft_report.txt に保存しました。

【重要】これは投入前に必ず人間によるレビューが必要なドラフトです:
  - 養父の関係はすべて「養親」で統一しており、婿養子かどうかの判別は行っていません。
  - 項目が無かった父(と初代の養父)の作成コマンドを new_persons_all.tsv(全藩分を1ファイルに集約)に保存しました。
    QuickStatementsに投入したあと、python run_batch_prepare.py --force --family-only 白河藩 を実行すると、
    新項目が見つかって子側のP22等が生成されます(反映に数分かかる場合があります)。

--- stderr ---
