[1/2] 在職者一覧を取得中...
Template:盛岡藩主 を取得・パース中...
  -> 16 名を抽出:
     南部利直: 1599-1632
     南部重直: 1632-1664
     南部重信: 1664-1692
     南部行信: 1692-1702
     南部信恩: 1702-1705
     南部利幹: 1705-1725
     南部利視: 1725-1752
     南部利雄: 1752-1779
     南部利正: 1780-1784
     南部利敬: 1784-1820
     南部利用 (吉次郎): 1820-1821
     南部利用 (大膳大夫): 1821-1825
     南部利済: 1825-1847
     南部利義: 1847-1848
     南部利剛: 1848-1868
     南部利恭: 1868-1870
各在職者のQIDを解決中...
[2/2] 各在職者の記事から父・養父を抽出中...
  南部利直 の記事を取得中...
  南部重直 の記事を取得中...
  南部重信 の記事を取得中...
  南部行信 の記事を取得中...
  南部信恩 の記事を取得中...
  南部利幹 の記事を取得中...
  南部利視 の記事を取得中...
  南部利雄 の記事を取得中...
  南部利正 の記事を取得中...
  南部利敬 の記事を取得中...
  南部利用 (吉次郎) の記事を取得中...
  南部利用 (大膳大夫) の記事を取得中...
  南部利済 の記事を取得中...
  南部利義 の記事を取得中...
  南部利剛 の記事を取得中...
  南部利恭 の記事を取得中...

抽出結果:
[南部利直] 父=南部信直(Q3137467) -> P22/P40を生成
[南部重直] 父=南部利直(Q1143534) -> P22/P40を生成
[南部重信] 父=南部利直(Q1143534) -> P22/P40を生成
[南部重信] 養父=南部重直(Q6962458) -> P1038/P1039(養親)を生成
[南部行信] 父=南部重信(Q8514003) -> P22/P40を生成
[南部信恩] 父=南部行信(Q8514008) -> P22/P40を生成
[南部利幹] 父=南部行信(Q8514008) -> P22/P40を生成
[南部利幹] 先代(南部信恩)と実父が同じ(兄弟)なので、養子関係の補完は行いません。
[南部利視] 父=南部信恩(Q8513901) -> P22/P40を生成
[南部利視] ★要確認: 実父が先代(南部利幹)と一致しません。養子の可能性がありますが、祖父→孫の継承や別系統の同姓の可能性もあるため、コマンドは生成していません。記事で確認して手動で追加してください。
[南部利雄] 父=南部利幹(Q8514401) -> P22/P40を生成
[南部利雄] ★要確認: 実父が先代(南部利視)と一致しません。養子の可能性がありますが、祖父→孫の継承や別系統の同姓の可能性もあるため、コマンドは生成していません。記事で確認して手動で追加してください。
[南部利正] 父=南部利視(Q8513962) -> P22/P40を生成
[南部利正] ★要確認: 実父が先代(南部利雄)と一致しません。養子の可能性がありますが、祖父→孫の継承や別系統の同姓の可能性もあるため、コマンドは生成していません。記事で確認して手動で追加してください。
[南部利敬] 父=南部利正(Q8513940) -> P22/P40を生成
[南部利用 (吉次郎)] 父=南部信丞(Q141655389) -> P22/P40を生成
[南部利用 (吉次郎)] 養父=南部利敬(Q8514408) -> P1038/P1039(養親)を生成
[南部利用 (大膳大夫)] 父=南部信浄(Q141655390) -> P22/P40を生成
[南部利用 (大膳大夫)] 養父=南部利敬(Q8514408) -> P1038/P1039(養親)を生成
[南部利済] 父=南部利謹(Q11408512) -> P22/P40を生成
[南部利済] ★要確認: 実父が先代(南部利用 (大膳大夫))と一致しません。養子の可能性がありますが、祖父→孫の継承や別系統の同姓の可能性もあるため、コマンドは生成していません。記事で確認して手動で追加してください。
[南部利義] 父=南部利済(Q8513978) -> P22/P40を生成
[南部利剛] 父=南部利済(Q8513978) -> P22/P40を生成
[南部利剛] 先代(南部利義)と実父が同じ(兄弟)なので、養子関係の補完は行いません。
[南部利恭] 父=南部利剛(Q8513991) -> P22/P40を生成

QuickStatementsドラフトを 盛岡藩_family_draft.tsv に、
レビュー用レポートを 盛岡藩_family_draft_report.txt に保存しました。

【重要】これは投入前に必ず人間によるレビューが必要なドラフトです:
  - 養父の関係はすべて「養親」で統一しており、婿養子かどうかの判別は行っていません。

--- stderr ---
