[1/2] 在職者一覧を取得中...
Template:相馬中村藩主 を取得・パース中...
  -> 13 名を抽出:
     相馬利胤: 1602-1625
     相馬義胤 (相馬中村藩主): 1625-1651
     相馬忠胤: 1651-1673
     相馬貞胤: 1673-1679
     相馬昌胤: 1679-1701
     相馬叙胤: 1701-1709
     相馬尊胤: 1709-1765
     相馬恕胤: 1765-1783
     相馬祥胤: 1783-1801
     相馬樹胤: 1801-1813
     相馬益胤: 1813-1835
     相馬充胤: 1835-1865
     相馬誠胤: 1865-1871
各在職者のQIDを解決中...
[2/2] 各在職者の記事から父・養父を抽出中...
  相馬利胤 の記事を取得中...
  相馬義胤 (相馬中村藩主) の記事を取得中...
  相馬忠胤 の記事を取得中...
  相馬貞胤 の記事を取得中...
  相馬昌胤 の記事を取得中...
  相馬叙胤 の記事を取得中...
  相馬尊胤 の記事を取得中...
  相馬恕胤 の記事を取得中...
  相馬祥胤 の記事を取得中...
  相馬樹胤 の記事を取得中...
  相馬益胤 の記事を取得中...
  相馬充胤 の記事を取得中...
  相馬誠胤 の記事を取得中...

抽出結果:
[相馬利胤] 父=相馬義胤 (十六代当主)(Q7559115) -> P22/P40を生成
[相馬義胤 (相馬中村藩主)] Infoboxから親族関係を抽出できませんでした。手動で確認するか、_BIOGRAPHY_INFOBOX_TEMPLATE_NAMES にテンプレート名を追加してください。
[相馬義胤 (相馬中村藩主)] ★要確認: Infoboxに実父の記載が無いため、先代との関係は不明です。養子関係の補完は行いません。手動で確認してください。
[相馬忠胤] Infoboxから親族関係を抽出できませんでした。手動で確認するか、_BIOGRAPHY_INFOBOX_TEMPLATE_NAMES にテンプレート名を追加してください。
[相馬忠胤] ★要確認: Infoboxに実父の記載が無いため、先代との関係は不明です。養子関係の補完は行いません。手動で確認してください。
[相馬貞胤] Infoboxから親族関係を抽出できませんでした。手動で確認するか、_BIOGRAPHY_INFOBOX_TEMPLATE_NAMES にテンプレート名を追加してください。
[相馬貞胤] ★要確認: Infoboxに実父の記載が無いため、先代との関係は不明です。養子関係の補完は行いません。手動で確認してください。
[相馬昌胤] 父=相馬忠胤(Q8514579) -> P22/P40を生成
[相馬昌胤] 実父が先代(相馬貞胤)と一致しないため、先代を養父として補完しました(Infoboxに養父の明記なし・推定のため要確認)。
[相馬昌胤] 養父=相馬貞胤(Q8514629) -> P1038/P1039(養親)を生成
[相馬叙胤] 父=佐竹義処(Q8514497) -> P22/P40を生成
[相馬叙胤] 養父=相馬昌胤(Q8514599) -> P1038/P1039(養親)を生成
[相馬尊胤] 父=相馬昌胤(Q8514599) -> P22/P40を生成
[相馬尊胤] 養父=相馬叙胤(Q8514573) -> P1038/P1039(養親)を生成
[相馬恕胤] 父=相馬徳胤(Q11582501) -> P22/P40を生成
[相馬恕胤] 養父=相馬尊胤(Q8515901) -> P1038/P1039(養親)を生成
[相馬祥胤] 父=相馬恕胤(Q8514611) -> P22/P40を生成
[相馬樹胤] 父=相馬祥胤(Q8514642) -> P22/P40を生成
[相馬益胤] 父=相馬祥胤(Q8514642) -> P22/P40を生成
[相馬益胤] 養父=相馬樹胤(Q8514617) -> P1038/P1039(養親)を生成
[相馬充胤] 父=相馬益胤(Q8514605) -> P22/P40を生成
[相馬誠胤] 父=相馬充胤(Q8514623) -> P22/P40を生成

QuickStatementsドラフトを 相馬中村藩_family_draft.tsv に、
レビュー用レポートを 相馬中村藩_family_draft_report.txt に保存しました。

【重要】これは投入前に必ず人間によるレビューが必要なドラフトです:
  - 養父の関係はすべて「養親」で統一しており、婿養子かどうかの判別は行っていません。
  - Wikidata項目が見つからなかった父・養父は、新規作成してから再実行してください。

--- stderr ---
