[1/2] 在職者一覧を取得中...
Template:矢島藩主 を取得・パース中...
  -> 13 名を抽出:
     生駒高俊: 1640-1658
     生駒高清: 1659-1694
     生駒親興: 1694-1702
     生駒正親: 1702-1706
     生駒親猶: 1706-1753
     生駒親賢: 1753-1771
     生駒親睦: 1771-1782
     生駒親章: 1782-1817
     生駒親孝: 1817-1830
     生駒親愛: 1830-1839
     生駒親道: 1839-1855
     生駒親敬: 1855-1868
     生駒親敬: 1868-1871
各在職者のQIDを解決中...
[2/2] 各在職者の記事から父・養父を抽出中...
  生駒高俊 の記事を取得中...
  生駒高清 の記事を取得中...
  生駒親興 の記事を取得中...
  生駒正親 の記事を取得中...
  生駒親猶 の記事を取得中...
  生駒親賢 の記事を取得中...
  生駒親睦 の記事を取得中...
  生駒親章 の記事を取得中...
  生駒親孝 の記事を取得中...
  生駒親愛 の記事を取得中...
  生駒親道 の記事を取得中...
  生駒親敬 の記事を取得中...
  生駒親敬 の記事を取得中...

抽出結果:
[生駒高俊] 父=生駒正俊(Q11574929) -> P22/P40を生成
[生駒高清] 父=生駒高俊(Q5996119) -> P22/P40を生成
[生駒親興] Infoboxから親族関係を抽出できませんでした。手動で確認するか、_BIOGRAPHY_INFOBOX_TEMPLATE_NAMES にテンプレート名を追加してください。
[生駒親興] ★要確認: Infoboxに実父の記載が無いため、先代との関係は不明です。養子関係の補完は行いません。手動で確認してください。
[生駒正親] Infoboxから親族関係を抽出できませんでした。手動で確認するか、_BIOGRAPHY_INFOBOX_TEMPLATE_NAMES にテンプレート名を追加してください。
[生駒正親] ★要確認: Infoboxに実父の記載が無いため、先代との関係は不明です。養子関係の補完は行いません。手動で確認してください。
[生駒親猶] Infoboxから親族関係を抽出できませんでした。手動で確認するか、_BIOGRAPHY_INFOBOX_TEMPLATE_NAMES にテンプレート名を追加してください。
[生駒親猶] ★要確認: Infoboxに実父の記載が無いため、先代との関係は不明です。養子関係の補完は行いません。手動で確認してください。
[生駒親賢] Infoboxから親族関係を抽出できませんでした。手動で確認するか、_BIOGRAPHY_INFOBOX_TEMPLATE_NAMES にテンプレート名を追加してください。
[生駒親賢] ★要確認: Infoboxに実父の記載が無いため、先代との関係は不明です。養子関係の補完は行いません。手動で確認してください。
[生駒親睦] Infoboxから親族関係を抽出できませんでした。手動で確認するか、_BIOGRAPHY_INFOBOX_TEMPLATE_NAMES にテンプレート名を追加してください。
[生駒親睦] ★要確認: Infoboxに実父の記載が無いため、先代との関係は不明です。養子関係の補完は行いません。手動で確認してください。
[生駒親章] Infoboxから親族関係を抽出できませんでした。手動で確認するか、_BIOGRAPHY_INFOBOX_TEMPLATE_NAMES にテンプレート名を追加してください。
[生駒親章] ★要確認: Infoboxに実父の記載が無いため、先代との関係は不明です。養子関係の補完は行いません。手動で確認してください。
[生駒親孝] Infoboxから親族関係を抽出できませんでした。手動で確認するか、_BIOGRAPHY_INFOBOX_TEMPLATE_NAMES にテンプレート名を追加してください。
[生駒親孝] ★要確認: Infoboxに実父の記載が無いため、先代との関係は不明です。養子関係の補完は行いません。手動で確認してください。
[生駒親愛] Infoboxから親族関係を抽出できませんでした。手動で確認するか、_BIOGRAPHY_INFOBOX_TEMPLATE_NAMES にテンプレート名を追加してください。
[生駒親愛] ★要確認: Infoboxに実父の記載が無いため、先代との関係は不明です。養子関係の補完は行いません。手動で確認してください。
[生駒親道] Infoboxから親族関係を抽出できませんでした。手動で確認するか、_BIOGRAPHY_INFOBOX_TEMPLATE_NAMES にテンプレート名を追加してください。
[生駒親道] ★要確認: Infoboxに実父の記載が無いため、先代との関係は不明です。養子関係の補完は行いません。手動で確認してください。
[生駒親敬] 父=生駒親道(Q6529823) -> P22/P40を生成
[生駒親敬] 父=生駒親道(Q6529823) -> P22/P40を生成
[生駒親敬] 先代と同一人物(再任・藩知事就任など)のため、養子関係の補完は行いません。

QuickStatementsドラフトを 矢島藩_family_draft.tsv に、
レビュー用レポートを 矢島藩_family_draft_report.txt に保存しました。

【重要】これは投入前に必ず人間によるレビューが必要なドラフトです:
  - 養父の関係はすべて「養親」で統一しており、婿養子かどうかの判別は行っていません。
  - Wikidata項目が見つからなかった父・養父は、新規作成してから再実行してください。

--- stderr ---
