[1/2] 在職者一覧を取得中...
Template:磐城平藩主 を取得・パース中...
  -> 15 名を抽出:
     鳥居忠政: 1602-1622
     内藤政長: 1622-1634
     内藤忠興: 1634-1670
     内藤義概: 1670-1685
     内藤義孝: 1685-1712
     内藤義稠: 1712-1718
     内藤政樹: 1718-1747
     井上正経: 1747-1758
     安藤信成: 1756-1810
     安藤信馨: 1810-1812
     安藤信義: 1812-1829
     安藤信由: 1829-1847
     安藤信正: 1847-1862
     安藤信民: 1862-1863
     安藤信勇: 1863-1871
各在職者のQIDを解決中...
[2/2] 各在職者の記事から父・養父を抽出中...
  鳥居忠政 の記事を取得中...
  内藤政長 の記事を取得中...
  内藤忠興 の記事を取得中...
  内藤義概 の記事を取得中...
  内藤義孝 の記事を取得中...
  内藤義稠 の記事を取得中...
  内藤政樹 の記事を取得中...
  井上正経 の記事を取得中...
  安藤信成 の記事を取得中...
  安藤信馨 の記事を取得中...
  安藤信義 の記事を取得中...
  安藤信由 の記事を取得中...
  安藤信正 の記事を取得中...
  安藤信民 の記事を取得中...
  安藤信勇 の記事を取得中...

抽出結果:
[鳥居忠政] 父=鳥居元忠(Q665518) -> P22/P40を生成
[内藤政長] 父=内藤家長(Q8010346) -> P22/P40を生成
[内藤政長] 先代(鳥居忠政)と名字が異なるため、藩主家の交代とみなし養子関係の補完は行いません。
[内藤忠興] 父=内藤政長(Q8514891) -> P22/P40を生成
[内藤義概] 父=内藤忠興(Q8514885) -> P22/P40を生成
[内藤義孝] 父=内藤義概(Q8514975) -> P22/P40を生成
[内藤義稠] 父=内藤義孝(Q8514986) -> P22/P40を生成
[内藤政樹] 父=内藤義英(Q10517132) -> P22/P40を生成
[内藤政樹] 実父が先代(内藤義稠)と一致しないため、先代を養父として補完しました(Infoboxに養父の明記なし・推定のため要確認)。
[内藤政樹] 養父=内藤義稠(Q8514980) -> P1038/P1039(養親)を生成
[井上正経] 父=井上正之(Q11373063) -> P22/P40を生成
[井上正経] 先代(内藤政樹)と名字が異なるため、藩主家の交代とみなし養子関係の補完は行いません。
[安藤信成] 父=安藤信尹(Q11067929) -> P22/P40を生成
[安藤信成] 先代(井上正経)と名字が異なるため、藩主家の交代とみなし養子関係の補完は行いません。
[安藤信馨] 父=安藤信成(Q8515303) -> P22/P40を生成
[安藤信義] 父=安藤信厚(Q11067901) -> P22/P40を生成
[安藤信義] 養父=安藤信馨(Q8515330) -> P1038/P1039(養親)を生成
[安藤信由] 父=安藤信馨(Q8515330) -> P22/P40を生成
[安藤信由] 養父=安藤信義(Q8515314) -> P1038/P1039(養親)を生成
[安藤信正] 父=安藤信由(Q8515308) -> P22/P40を生成
[安藤信民] 父=安藤信正(Q3208958) -> P22/P40を生成
[安藤信勇] 父=内藤正義(Q10517065) -> P22/P40を生成
[安藤信勇] 実父が先代(安藤信民)と一致しないため、先代を養父として補完しました(Infoboxに養父の明記なし・推定のため要確認)。
[安藤信勇] 養父=安藤信民(Q8515320) -> P1038/P1039(養親)を生成

QuickStatementsドラフトを 磐城平藩_family_draft.tsv に、
レビュー用レポートを 磐城平藩_family_draft_report.txt に保存しました。

【重要】これは投入前に必ず人間によるレビューが必要なドラフトです:
  - 養父の関係はすべて「養親」で統一しており、婿養子かどうかの判別は行っていません。
  - Wikidata項目が見つからなかった父・養父は、新規作成してから再実行してください。

--- stderr ---
