[1/2] 在職者一覧を取得中...
Template:福島藩主 を取得・パース中...
  -> 15 名を抽出:
     本多忠国: 1679-1682
     堀田正仲: 1686-1694
     堀田正虎: 1694-1700
     板倉重寛: 1702-1717
     板倉重泰: 1717-1718
     板倉勝里: 1718-1743
     板倉勝承: 1743-1765
     板倉勝任: 1765-1766
     板倉勝行: 1766-1773
     板倉勝矩: 1773-1775
     板倉勝長: 1775-1815
     板倉勝俊: 1815-1834
     板倉勝顕: 1834-1866
     板倉勝己: 1866-1868
     板倉勝達: 1868-1869
各在職者のQIDを解決中...
[2/2] 各在職者の記事から父・養父を抽出中...
  本多忠国 の記事を取得中...
  堀田正仲 の記事を取得中...
  堀田正虎 の記事を取得中...
  板倉重寛 の記事を取得中...
  板倉重泰 の記事を取得中...
  板倉勝里 の記事を取得中...
  板倉勝承 の記事を取得中...
  板倉勝任 の記事を取得中...
  板倉勝行 の記事を取得中...
  板倉勝矩 の記事を取得中...
  板倉勝長 の記事を取得中...
  板倉勝俊 の記事を取得中...
  板倉勝顕 の記事を取得中...
  板倉勝己 の記事を取得中...
  板倉勝達 の記事を取得中...

抽出結果:
[本多忠国] 父=松平頼元(Q6638460) -> P22/P40を生成
[本多忠国] 養父=本多政長 (郡山藩主)(Q10520801) -> P1038/P1039(養親)を生成
[堀田正仲] 父=堀田正俊(Q936047) -> P22/P40を生成
[堀田正仲] 先代(本多忠国)と名字が異なるため、藩主家の交代とみなし養子関係の補完は行いません。
[堀田正虎] 父=堀田正俊(Q936047) -> P22/P40を生成
[堀田正虎] 養父=堀田正仲(Q8515540) -> P1038/P1039(養親)を生成
[板倉重寛] 父=板倉重種(Q11532530) -> P22/P40を生成
[板倉重寛] 養父=板倉重直(Q52717402) -> P1038/P1039(養親)を生成
[板倉重泰] 父=板倉重寛(Q8515466) -> P22/P40を生成
[板倉勝里] 父=高木正陳(Q11670107) -> P22/P40を生成
[板倉勝里] 養父=板倉重泰(Q8515460) -> P1038/P1039(養親)を生成
[板倉勝承] 父=板倉勝里(Q8515415) -> P22/P40を生成
[板倉勝任] 父=板倉勝里(Q8515415) -> P22/P40を生成
[板倉勝任] 先代(板倉勝承)と実父が同じ(兄弟)なので、養子関係の補完は行いません。
[板倉勝行] 父=板倉勝澄(Q6092518) -> P22/P40を生成
[板倉勝行] 養父=板倉勝任(Q8516022) -> P1038/P1039(養親)を生成
[板倉勝矩] 父=板倉勝清(Q8515440) -> P22/P40を生成
[板倉勝矩] 養父=板倉勝行(Q8515433) -> P1038/P1039(養親)を生成
[板倉勝長] 父=板倉勝矩(Q8515399) -> P22/P40を生成
[板倉勝俊] 父=板倉勝長(Q107395) -> P22/P40を生成
[板倉勝顕] 父=板倉勝俊(Q8515448) -> P22/P40を生成
[板倉勝己] 父=板倉勝顕(Q8515427) -> P22/P40を生成
[板倉勝達] 父=板倉勝定 のWikidata項目が見つかりません。新規作成コマンドを new_persons_all.tsv に出力しました(投入後に --family-only で再実行してください)。
[板倉勝達] 実父=板倉勝定 のWikidata項目が見つからないため、先代と同一人物かどうか判別できません。養子関係の補完は行いません。実父の項目を作成してから再実行するか、手動で確認してください。

QuickStatementsドラフトを 福島藩_family_draft.tsv に、
レビュー用レポートを 福島藩_family_draft_report.txt に保存しました。

【重要】これは投入前に必ず人間によるレビューが必要なドラフトです:
  - 養父の関係はすべて「養親」で統一しており、婿養子かどうかの判別は行っていません。
  - 項目が無かった父(と初代の養父)の作成コマンドを new_persons_all.tsv(全藩分を1ファイルに集約)に保存しました。
    QuickStatementsに投入したあと、python run_batch_prepare.py --force --family-only 福島藩 を実行すると、
    新項目が見つかって子側のP22等が生成されます(反映に数分かかる場合があります)。

--- stderr ---
