[1/2] 在職者一覧を取得中...
Template:窪田藩主 を取得・パース中...
  -> 3 名を抽出:
     土方雄重: 1622-1628
     土方雄次: 1628-1679
     土方雄隆: 1679-1684
各在職者のQIDを解決中...
[2/2] 各在職者の記事から父・養父を抽出中...
  土方雄重 の記事を取得中...
  土方雄次 の記事を取得中...
  土方雄隆 の記事を取得中...

抽出結果:
[土方雄重] 父=土方雄久(Q11423540) -> P22/P40を生成
[土方雄次] 父=土方雄重(Q8514867) -> P22/P40を生成
[土方雄隆] 父=土方雄次(Q8515929) -> P22/P40を生成

QuickStatementsドラフトを 窪田藩_family_draft.tsv に、
レビュー用レポートを 窪田藩_family_draft_report.txt に保存しました。

【重要】これは投入前に必ず人間によるレビューが必要なドラフトです:
  - 養父の関係はすべて「養親」で統一しており、婿養子かどうかの判別は行っていません。
  - Wikidata項目が見つからなかった父・養父は、新規作成してから再実行してください。

--- stderr ---
