[1/2] 在職者一覧を取得中...
Template:米沢藩主 を取得・パース中...
  -> 12 名を抽出:
     上杉景勝: 1601-1623
     上杉定勝: 1623-1645
     上杉綱勝: 1645-1664
     上杉綱憲: 1664-1703
     上杉吉憲: 1703-1722
     上杉宗憲: 1722-1734
     上杉宗房: 1734-1746
     上杉重定: 1746-1767
     上杉治広: 1785-1812
     上杉斉定: 1812-1839
     上杉斉憲: 1839-1869
     上杉茂憲: 1869-1871
各在職者のQIDを解決中...
[2/2] 各在職者の記事から父・養父を抽出中...
  上杉景勝 の記事を取得中...
  上杉定勝 の記事を取得中...
  上杉綱勝 の記事を取得中...
  上杉綱憲 の記事を取得中...
  上杉吉憲 の記事を取得中...
  上杉宗憲 の記事を取得中...
  上杉宗房 の記事を取得中...
  上杉重定 の記事を取得中...
  上杉治広 の記事を取得中...
  上杉斉定 の記事を取得中...
  上杉斉憲 の記事を取得中...
  上杉茂憲 の記事を取得中...

抽出結果:
[上杉景勝] 父=長尾政景(Q6958482) -> P22/P40を生成
[上杉景勝] 養父=上杉謙信(Q311080) -> P1038/P1039(養親)を生成
[上杉定勝] 父=上杉景勝(Q1376605) -> P22/P40を生成
[上杉綱勝] 父=上杉定勝(Q8514762) -> P22/P40を生成
[上杉綱憲] 父=吉良義央(Q3132109) -> P22/P40を生成
[上杉綱憲] 養父=上杉綱勝(Q8514779) -> P1038/P1039(養親)を生成
[上杉吉憲] 父=上杉綱憲(Q8514773) -> P22/P40を生成
[上杉宗憲] 父=上杉吉憲(Q8514785) -> P22/P40を生成
[上杉宗房] 父=上杉吉憲(Q8514785) -> P22/P40を生成
[上杉宗房] 養父=上杉宗憲(Q8514751) -> P1038/P1039(養親)を生成
[上杉重定] 父=上杉吉憲(Q8514785) -> P22/P40を生成
[上杉重定] 養父=上杉宗房(Q8514757) -> P1038/P1039(養親)を生成
[上杉治広] 父=上杉重定(Q8514768) -> P22/P40を生成
[上杉治広] 養父=上杉治憲(Q1194899) -> P1038/P1039(養親)を生成
[上杉斉定] 父=上杉勝熙(Q11359143) -> P22/P40を生成
[上杉斉定] 養父=上杉治広(Q8514791) -> P1038/P1039(養親)を生成
[上杉斉憲] 父=上杉斉定(Q8514745) -> P22/P40を生成
[上杉茂憲] Infoboxから親族関係を抽出できませんでした。手動で確認するか、_BIOGRAPHY_INFOBOX_TEMPLATE_NAMES にテンプレート名を追加してください。
[上杉茂憲] ★要確認: Infoboxに実父の記載が無いため、先代との関係は不明です。養子関係の補完は行いません。手動で確認してください。

QuickStatementsドラフトを 米沢藩_family_draft.tsv に、
レビュー用レポートを 米沢藩_family_draft_report.txt に保存しました。

【重要】これは投入前に必ず人間によるレビューが必要なドラフトです:
  - 養父の関係はすべて「養親」で統一しており、婿養子かどうかの判別は行っていません。
  - Wikidata項目が見つからなかった父・養父は、新規作成してから再実行してください。

--- stderr ---
