[1/2] 在職者一覧を取得中...
Template:米沢新田藩主 を取得・パース中...
  -> 5 名を抽出:
     上杉勝周: 1719-1747
     上杉勝承: 1747-1785
     上杉勝定: 1785-1815
     上杉勝義: 1815-1842
     上杉勝道: 1842-1869
各在職者のQIDを解決中...
[2/2] 各在職者の記事から父・養父を抽出中...
  上杉勝周 の記事を取得中...
  上杉勝承 の記事を取得中...
  上杉勝定 の記事を取得中...
  上杉勝義 の記事を取得中...
  上杉勝道 の記事を取得中...

抽出結果:
[上杉勝周] 父=上杉綱憲(Q8514773) -> P22/P40を生成
[上杉勝承] 父=上杉勝周(Q8514740) -> P22/P40を生成
[上杉勝定] 父=上杉重定(Q8514768) -> P22/P40を生成
[上杉勝定] 養父=上杉勝承(Q8514730) -> P1038/P1039(養親)を生成
[上杉勝義] 父=上杉勝熙(Q11359143) -> P22/P40を生成
[上杉勝義] 養父=上杉勝定(Q8514725) -> P1038/P1039(養親)を生成
[上杉勝道] 父=上杉斉定(Q8514745) -> P22/P40を生成
[上杉勝道] 実父が先代(上杉勝義)と一致しないため、先代を養父として補完しました(Infoboxに養父の明記なし・推定のため要確認)。
[上杉勝道] 養父=上杉勝義(Q8514736) -> P1038/P1039(養親)を生成

QuickStatementsドラフトを 米沢新田藩_family_draft.tsv に、
レビュー用レポートを 米沢新田藩_family_draft_report.txt に保存しました。

【重要】これは投入前に必ず人間によるレビューが必要なドラフトです:
  - 養父の関係はすべて「養親」で統一しており、婿養子かどうかの判別は行っていません。
  - Wikidata項目が見つからなかった父・養父は、新規作成してから再実行してください。

--- stderr ---
