[1/2] 在職者一覧を取得中...
Template:陸奥下村藩主 を取得・パース中...
  -> 5 名を抽出:
     田沼意明: 1787-1796
     田沼意壱: 1796-1800
     田沼意信: 1800-1803
     田沼意定: 1803-1804
     田沼意正: 1804-1823
各在職者のQIDを解決中...
[2/2] 各在職者の記事から父・養父を抽出中...
  田沼意明 の記事を取得中...
  田沼意壱 の記事を取得中...
  田沼意信 の記事を取得中...
  田沼意定 の記事を取得中...
  田沼意正 の記事を取得中...

抽出結果:
[田沼意明] 父=田沼意知(Q6635833) -> P22/P40を生成
[田沼意壱] 父=田沼意知(Q6635833) -> P22/P40を生成
[田沼意壱] 先代(田沼意明)と実父が同じ(兄弟)なので、養子関係の補完は行いません。
[田沼意信] 父=田沼意知(Q6635833) -> P22/P40を生成
[田沼意信] 先代(田沼意壱)と実父が同じ(兄弟)なので、養子関係の補完は行いません。
[田沼意定] 父=田沼意致(Q6635997) -> P22/P40を生成
[田沼意定] 養父=田沼意信(Q6635851) -> P1038/P1039(養親)を生成
[田沼意正] 父=田沼意次(Q521070) -> P22/P40を生成
[田沼意正] 養父=水野忠友(Q10565491) -> P1038/P1039(養親)を生成

QuickStatementsドラフトを 陸奥下村藩_family_draft.tsv に、
レビュー用レポートを 陸奥下村藩_family_draft_report.txt に保存しました。

【重要】これは投入前に必ず人間によるレビューが必要なドラフトです:
  - 養父の関係はすべて「養親」で統一しており、婿養子かどうかの判別は行っていません。
  - Wikidata項目が見つからなかった父・養父は、新規作成してから再実行してください。

--- stderr ---
