[1/2] 在職者一覧を取得中...
Template:黒石藩主 を取得・パース中...
  -> 12 名を抽出:
     津軽信英: 1656-1662
     津軽信敏: 1663-1683
     津軽政兕: 1683-1743
     津軽寿世: 1743-1758
     津軽著高: 1758-1778
     津軽寧親: 1778-1791
     津軽典暁: 1791-1805
     津軽親足: 1805-1809
     津軽親足: 1809-1825
     津軽順承: 1825-1839
     津軽承保: 1839-1851
     津軽承叙: 1851-1871
各在職者のQIDを解決中...
[2/2] 各在職者の記事から父・養父を抽出中...
  津軽信英 の記事を取得中...
  津軽信敏 の記事を取得中...
  津軽政兕 の記事を取得中...
  津軽寿世 の記事を取得中...
  津軽著高 の記事を取得中...
  津軽寧親 の記事を取得中...
  津軽典暁 の記事を取得中...
  津軽親足 の記事を取得中...
  津軽親足 の記事を取得中...
  津軽順承 の記事を取得中...
  津軽承保 の記事を取得中...
  津軽承叙 の記事を取得中...

抽出結果:
[津軽信英] 父=津軽信枚(Q837782) -> P22/P40を生成
[津軽信敏] 父=津軽信英(Q11255677) -> P22/P40を生成
[津軽政兕] 父=津軽信敏(Q11255675) -> P22/P40を生成
[津軽寿世] 父=津軽信政(Q7849976) -> P22/P40を生成
[津軽寿世] 養父=津軽政兕(Q11255679) -> P1038/P1039(養親)を生成
[津軽著高] 父=津軽寿世(Q11255695) -> P22/P40を生成
[津軽寧親] 父=津軽著高(Q11255683) -> P22/P40を生成
[津軽寧親] 養父=津軽信明(Q7849974) -> P1038/P1039(養親)を生成
[津軽典暁] 父=津軽寧親(Q7849985) -> P22/P40を生成
[津軽親足] 父=黒田直亨(Q11678642) -> P22/P40を生成
[津軽親足] 養父=津軽典暁(Q11255681) -> P1038/P1039(養親)を生成
[津軽親足] 父=黒田直亨(Q11678642) -> P22/P40を生成
[津軽親足] 養父=津軽典暁(Q11255681) -> P1038/P1039(養親)を生成
[津軽順承] 父=松平信明 (三河吉田藩主)(Q11530346) -> P22/P40を生成
[津軽順承] 養父=津軽親足(Q7849967) -> P1038/P1039(養親)を生成
[津軽承保] 父=津軽親足(Q7849967) -> P22/P40を生成
[津軽承保] 実父が先代(津軽順承)と一致しないため、先代を養父として補完しました(Infoboxに養父の明記なし・推定のため要確認)。
[津軽承保] 養父=津軽順承(Q7849987) -> P1038/P1039(養親)を生成
[津軽承叙] Infoboxから親族関係を抽出できませんでした。手動で確認するか、_BIOGRAPHY_INFOBOX_TEMPLATE_NAMES にテンプレート名を追加してください。
[津軽承叙] ★要確認: Infoboxに実父の記載が無いため、先代との関係は不明です。養子関係の補完は行いません。手動で確認してください。

QuickStatementsドラフトを 黒石藩_family_draft.tsv に、
レビュー用レポートを 黒石藩_family_draft_report.txt に保存しました。

【重要】これは投入前に必ず人間によるレビューが必要なドラフトです:
  - 養父の関係はすべて「養親」で統一しており、婿養子かどうかの判別は行っていません。
  - Wikidata項目が見つからなかった父・養父は、新規作成してから再実行してください。

--- stderr ---
